Archive member included because of file (symbol)

c:/altera/11.1sp2/nios2eds/bin/gnu/h-i686-mingw32/bin/../lib/gcc/nios2-elf/4.1.2/../../../../nios2-elf/lib/mno-hw-mul\libsmallc.a(lib_a-printf.o)
                              obj/default/test_compteur.o (printf)
c:/altera/11.1sp2/nios2eds/bin/gnu/h-i686-mingw32/bin/../lib/gcc/nios2-elf/4.1.2/../../../../nios2-elf/lib/mno-hw-mul\libsmallc.a(lib_a-vfprintf.o)
                              c:/altera/11.1sp2/nios2eds/bin/gnu/h-i686-mingw32/bin/../lib/gcc/nios2-elf/4.1.2/../../../../nios2-elf/lib/mno-hw-mul\libsmallc.a(lib_a-printf.o) (___vfprintf_internal_r)
c:/altera/11.1sp2/nios2eds/bin/gnu/h-i686-mingw32/bin/../lib/gcc/nios2-elf/4.1.2/../../../../nios2-elf/lib/mno-hw-mul\libsmallc.a(lib_a-fvwrite_small_dev.o)
                              c:/altera/11.1sp2/nios2eds/bin/gnu/h-i686-mingw32/bin/../lib/gcc/nios2-elf/4.1.2/../../../../nios2-elf/lib/mno-hw-mul\libsmallc.a(lib_a-printf.o) (__sfvwrite_small_dev)
c:/altera/11.1sp2/nios2eds/bin/gnu/h-i686-mingw32/bin/../lib/gcc/nios2-elf/4.1.2/../../../../nios2-elf/lib/mno-hw-mul\libsmallc.a(lib_a-impure.o)
                              c:/altera/11.1sp2/nios2eds/bin/gnu/h-i686-mingw32/bin/../lib/gcc/nios2-elf/4.1.2/../../../../nios2-elf/lib/mno-hw-mul\libsmallc.a(lib_a-printf.o) (_impure_ptr)
c:/altera/11.1sp2/nios2eds/bin/gnu/h-i686-mingw32/bin/../lib/gcc/nios2-elf/4.1.2/../../../../nios2-elf/lib/mno-hw-mul\libsmallc.a(lib_a-strlen.o)
                              c:/altera/11.1sp2/nios2eds/bin/gnu/h-i686-mingw32/bin/../lib/gcc/nios2-elf/4.1.2/../../../../nios2-elf/lib/mno-hw-mul\libsmallc.a(lib_a-vfprintf.o) (strlen)
c:/altera/11.1sp2/nios2eds/bin/gnu/h-i686-mingw32/bin/../lib/gcc/nios2-elf/4.1.2/../../../../nios2-elf/lib/mno-hw-mul\libsmallc.a(lib_a-writer.o)
                              c:/altera/11.1sp2/nios2eds/bin/gnu/h-i686-mingw32/bin/../lib/gcc/nios2-elf/4.1.2/../../../../nios2-elf/lib/mno-hw-mul\libsmallc.a(lib_a-fvwrite_small_dev.o) (_write_r)
c:/altera/11.1sp2/nios2eds/bin/gnu/h-i686-mingw32/bin/../lib/gcc/nios2-elf/4.1.2/../../../../nios2-elf/lib/mno-hw-mul\libsmallc.a(lib_a-int_errno.o)
                              c:/altera/11.1sp2/nios2eds/bin/gnu/h-i686-mingw32/bin/../lib/gcc/nios2-elf/4.1.2/../../../../nios2-elf/lib/mno-hw-mul\libsmallc.a(lib_a-writer.o) (errno)
c:/altera/11.1sp2/nios2eds/bin/gnu/h-i686-mingw32/bin/../lib/gcc/nios2-elf/4.1.2/mno-hw-mul\libgcc.a(lib2-divmod.o)
                              c:/altera/11.1sp2/nios2eds/bin/gnu/h-i686-mingw32/bin/../lib/gcc/nios2-elf/4.1.2/../../../../nios2-elf/lib/mno-hw-mul\libsmallc.a(lib_a-vfprintf.o) (__udivsi3)
c:/altera/11.1sp2/nios2eds/bin/gnu/h-i686-mingw32/bin/../lib/gcc/nios2-elf/4.1.2/mno-hw-mul\libgcc.a(lib2-mul.o)
                              c:/altera/11.1sp2/nios2eds/bin/gnu/h-i686-mingw32/bin/../lib/gcc/nios2-elf/4.1.2/../../../../nios2-elf/lib/mno-hw-mul\libsmallc.a(lib_a-vfprintf.o) (__mulsi3)
../test_comp_bsp/\libhal_bsp.a(alt_load.o)
                              ../test_comp_bsp//obj/HAL/src/crt0.o (alt_load)
../test_comp_bsp/\libhal_bsp.a(alt_main.o)
                              ../test_comp_bsp//obj/HAL/src/crt0.o (alt_main)
../test_comp_bsp/\libhal_bsp.a(alt_putstr.o)
                              obj/default/test_compteur.o (alt_putstr)
../test_comp_bsp/\libhal_bsp.a(alt_usleep.o)
                              obj/default/test_compteur.o (usleep)
../test_comp_bsp/\libhal_bsp.a(alt_write.o)
                              c:/altera/11.1sp2/nios2eds/bin/gnu/h-i686-mingw32/bin/../lib/gcc/nios2-elf/4.1.2/../../../../nios2-elf/lib/mno-hw-mul\libsmallc.a(lib_a-writer.o) (write)
../test_comp_bsp/\libhal_bsp.a(alt_sys_init.o)
                              ../test_comp_bsp/\libhal_bsp.a(alt_main.o) (alt_sys_init)
../test_comp_bsp/\libhal_bsp.a(altera_avalon_jtag_uart_write.o)
                              ../test_comp_bsp/\libhal_bsp.a(alt_putstr.o) (altera_avalon_jtag_uart_write)
../test_comp_bsp/\libhal_bsp.a(alt_busy_sleep.o)
                              ../test_comp_bsp/\libhal_bsp.a(alt_usleep.o) (alt_busy_sleep)
../test_comp_bsp/\libhal_bsp.a(alt_dcache_flush_all.o)
                              ../test_comp_bsp/\libhal_bsp.a(alt_load.o) (alt_dcache_flush_all)
../test_comp_bsp/\libhal_bsp.a(alt_errno.o)
                              ../test_comp_bsp/\libhal_bsp.a(alt_write.o) (alt_errno)
../test_comp_bsp/\libhal_bsp.a(alt_icache_flush_all.o)
                              ../test_comp_bsp/\libhal_bsp.a(alt_load.o) (alt_icache_flush_all)
../test_comp_bsp/\libhal_bsp.a(altera_nios2_irq.o)
                              ../test_comp_bsp/\libhal_bsp.a(alt_sys_init.o) (altera_nios2_irq_init)

Allocating common symbols
Common symbol       size              file

errno               0x4               c:/altera/11.1sp2/nios2eds/bin/gnu/h-i686-mingw32/bin/../lib/gcc/nios2-elf/4.1.2/../../../../nios2-elf/lib/mno-hw-mul\libsmallc.a(lib_a-int_errno.o)
compt               0x2               obj/default/test_compteur.o

Memory Configuration

Name             Origin             Length             Attributes
reset            0x00008000         0x00000020
saram            0x00008020         0x00004e00
*default*        0x00000000         0xffffffff

Linker script and memory map

LOAD ../test_comp_bsp//obj/HAL/src/crt0.o
                0x0000800c                exit = _exit
LOAD obj/default/test_compteur.o
LOAD c:/altera/11.1sp2/nios2eds/bin/gnu/h-i686-mingw32/bin/../lib/gcc/nios2-elf/4.1.2/../../../../nios2-elf/lib/mno-hw-mul\libstdc++.a
LOAD c:/altera/11.1sp2/nios2eds/bin/gnu/h-i686-mingw32/bin/../lib/gcc/nios2-elf/4.1.2/../../../../nios2-elf/lib/mno-hw-mul\libm.a
LOAD c:/altera/11.1sp2/nios2eds/bin/gnu/h-i686-mingw32/bin/../lib/gcc/nios2-elf/4.1.2/mno-hw-mul\libgcc.a
START GROUP
LOAD c:/altera/11.1sp2/nios2eds/bin/gnu/h-i686-mingw32/bin/../lib/gcc/nios2-elf/4.1.2/../../../../nios2-elf/lib/mno-hw-mul\libsmallc.a
LOAD c:/altera/11.1sp2/nios2eds/bin/gnu/h-i686-mingw32/bin/../lib/gcc/nios2-elf/4.1.2/mno-hw-mul\libgcc.a
LOAD ../test_comp_bsp/\libhal_bsp.a
END GROUP
LOAD c:/altera/11.1sp2/nios2eds/bin/gnu/h-i686-mingw32/bin/../lib/gcc/nios2-elf/4.1.2/mno-hw-mul\libgcc.a
                0x00008000                __alt_mem_saram = 0x8000

.entry          0x00008000       0x20
 *(.entry)
 .entry         0x00008000       0x20 ../test_comp_bsp//obj/HAL/src/crt0.o
                0x00008000                __reset
                0x0000800c                _exit

.exceptions     0x00008020        0x0
                0x00008020                PROVIDE (__ram_exceptions_start, ABSOLUTE (.))
                0x00008020                . = ALIGN (0x20)
 *(.irq)
 *(.exceptions.entry.label)
 *(.exceptions.entry.user)
 *(.exceptions.entry)
 *(.exceptions.irqtest.user)
 *(.exceptions.irqtest)
 *(.exceptions.irqhandler.user)
 *(.exceptions.irqhandler)
 *(.exceptions.irqreturn.user)
 *(.exceptions.irqreturn)
 *(.exceptions.notirq.label)
 *(.exceptions.notirq.user)
 *(.exceptions.notirq)
 *(.exceptions.soft.user)
 *(.exceptions.soft)
 *(.exceptions.unknown.user)
 *(.exceptions.unknown)
 *(.exceptions.exit.label)
 *(.exceptions.exit.user)
 *(.exceptions.exit)
 *(.exceptions)
                0x00008020                PROVIDE (__ram_exceptions_end, ABSOLUTE (.))
                0x00008020                PROVIDE (__flash_exceptions_start, LOADADDR (.exceptions))

.text           0x00008020      0xdb0
                0x00008020                PROVIDE (stext, ABSOLUTE (.))
 *(.interp)
 *(.hash)
 *(.dynsym)
 *(.dynstr)
 *(.gnu.version)
 *(.gnu.version_d)
 *(.gnu.version_r)
 *(.rel.init)
 *(.rela.init)
 *(.rel.text .rel.text.* .rel.gnu.linkonce.t.*)
 *(.rela.text .rela.text.* .rela.gnu.linkonce.t.*)
 *(.rel.fini)
 *(.rela.fini)
 *(.rel.rodata .rel.rodata.* .rel.gnu.linkonce.r.*)
 *(.rela.rodata .rela.rodata.* .rela.gnu.linkonce.r.*)
 *(.rel.data .rel.data.* .rel.gnu.linkonce.d.*)
 *(.rela.data .rela.data.* .rela.gnu.linkonce.d.*)
 *(.rel.tdata .rel.tdata.* .rel.gnu.linkonce.td.*)
 *(.rela.tdata .rela.tdata.* .rela.gnu.linkonce.td.*)
 *(.rel.tbss .rel.tbss.* .rel.gnu.linkonce.tb.*)
 *(.rela.tbss .rela.tbss.* .rela.gnu.linkonce.tb.*)
 *(.rel.ctors)
 *(.rela.ctors)
 *(.rel.dtors)
 *(.rela.dtors)
 *(.rel.got)
 *(.rela.got)
 *(.rel.sdata .rel.sdata.* .rel.gnu.linkonce.s.*)
 *(.rela.sdata .rela.sdata.* .rela.gnu.linkonce.s.*)
 *(.rel.sbss .rel.sbss.* .rel.gnu.linkonce.sb.*)
 *(.rela.sbss .rela.sbss.* .rela.gnu.linkonce.sb.*)
 *(.rel.sdata2 .rel.sdata2.* .rel.gnu.linkonce.s2.*)
 *(.rela.sdata2 .rela.sdata2.* .rela.gnu.linkonce.s2.*)
 *(.rel.sbss2 .rel.sbss2.* .rel.gnu.linkonce.sb2.*)
 *(.rela.sbss2 .rela.sbss2.* .rela.gnu.linkonce.sb2.*)
 *(.rel.bss .rel.bss.* .rel.gnu.linkonce.b.*)
 *(.rela.bss .rela.bss.* .rela.gnu.linkonce.b.*)
 *(.rel.plt)
 *(.rela.plt)
 *(.rel.dyn)
 *(.init)
 *(.plt)
 *(.text .stub .text.* .gnu.linkonce.t.*)
 .text          0x00008020       0x3c ../test_comp_bsp//obj/HAL/src/crt0.o
                0x00008020                _start
 .text          0x0000805c      0x100 obj/default/test_compteur.o
                0x0000805c                main
 .text          0x0000815c       0x98 c:/altera/11.1sp2/nios2eds/bin/gnu/h-i686-mingw32/bin/../lib/gcc/nios2-elf/4.1.2/../../../../nios2-elf/lib/mno-hw-mul\libsmallc.a(lib_a-printf.o)
                0x0000815c                printf
                0x000081b0                _printf_r
 .text          0x000081f4      0x6a4 c:/altera/11.1sp2/nios2eds/bin/gnu/h-i686-mingw32/bin/../lib/gcc/nios2-elf/4.1.2/../../../../nios2-elf/lib/mno-hw-mul\libsmallc.a(lib_a-vfprintf.o)
                0x00008274                ___vfprintf_internal_r
                0x00008874                __vfprintf_internal
 .text          0x00008898       0xbc c:/altera/11.1sp2/nios2eds/bin/gnu/h-i686-mingw32/bin/../lib/gcc/nios2-elf/4.1.2/../../../../nios2-elf/lib/mno-hw-mul\libsmallc.a(lib_a-fvwrite_small_dev.o)
                0x00008898                __sfvwrite_small_dev
 .text          0x00008954        0x0 c:/altera/11.1sp2/nios2eds/bin/gnu/h-i686-mingw32/bin/../lib/gcc/nios2-elf/4.1.2/../../../../nios2-elf/lib/mno-hw-mul\libsmallc.a(lib_a-impure.o)
 .text          0x00008954       0x20 c:/altera/11.1sp2/nios2eds/bin/gnu/h-i686-mingw32/bin/../lib/gcc/nios2-elf/4.1.2/../../../../nios2-elf/lib/mno-hw-mul\libsmallc.a(lib_a-strlen.o)
                0x00008954                strlen
 .text          0x00008974       0x78 c:/altera/11.1sp2/nios2eds/bin/gnu/h-i686-mingw32/bin/../lib/gcc/nios2-elf/4.1.2/../../../../nios2-elf/lib/mno-hw-mul\libsmallc.a(lib_a-writer.o)
                0x00008974                _write_r
 .text          0x000089ec        0x0 c:/altera/11.1sp2/nios2eds/bin/gnu/h-i686-mingw32/bin/../lib/gcc/nios2-elf/4.1.2/../../../../nios2-elf/lib/mno-hw-mul\libsmallc.a(lib_a-int_errno.o)
 .text          0x000089ec      0x14c c:/altera/11.1sp2/nios2eds/bin/gnu/h-i686-mingw32/bin/../lib/gcc/nios2-elf/4.1.2/mno-hw-mul\libgcc.a(lib2-divmod.o)
                0x00008a68                __divsi3
                0x00008ac8                __modsi3
                0x00008b28                __udivsi3
                0x00008b30                __umodsi3
 .text          0x00008b38       0x38 c:/altera/11.1sp2/nios2eds/bin/gnu/h-i686-mingw32/bin/../lib/gcc/nios2-elf/4.1.2/mno-hw-mul\libgcc.a(lib2-mul.o)
                0x00008b38                __mulsi3
 .text          0x00008b70       0x8c ../test_comp_bsp/\libhal_bsp.a(alt_load.o)
                0x00008b90                alt_load
 .text          0x00008bfc       0x2c ../test_comp_bsp/\libhal_bsp.a(alt_main.o)
                0x00008bfc                alt_main
 .text          0x00008c28       0x38 ../test_comp_bsp/\libhal_bsp.a(alt_putstr.o)
                0x00008c28                alt_putstr
 .text          0x00008c60        0x4 ../test_comp_bsp/\libhal_bsp.a(alt_usleep.o)
                0x00008c60                usleep
 .text          0x00008c64       0x78 ../test_comp_bsp/\libhal_bsp.a(alt_write.o)
                0x00008c64                write
 .text          0x00008cdc       0x24 ../test_comp_bsp/\libhal_bsp.a(alt_sys_init.o)
                0x00008cdc                alt_sys_init
                0x00008ce0                alt_irq_init
 .text          0x00008d00       0x34 ../test_comp_bsp/\libhal_bsp.a(altera_avalon_jtag_uart_write.o)
                0x00008d00                altera_avalon_jtag_uart_write
 .text          0x00008d34       0x8c ../test_comp_bsp/\libhal_bsp.a(alt_busy_sleep.o)
                0x00008d34                alt_busy_sleep
 .text          0x00008dc0        0x4 ../test_comp_bsp/\libhal_bsp.a(alt_dcache_flush_all.o)
                0x00008dc0                alt_dcache_flush_all
 .text          0x00008dc4        0x0 ../test_comp_bsp/\libhal_bsp.a(alt_errno.o)
 .text          0x00008dc4        0x4 ../test_comp_bsp/\libhal_bsp.a(alt_icache_flush_all.o)
                0x00008dc4                alt_icache_flush_all
 .text          0x00008dc8        0x8 ../test_comp_bsp/\libhal_bsp.a(altera_nios2_irq.o)
                0x00008dc8                altera_nios2_irq_init
 *(.gnu.warning.*)
 *(.fini)
                0x00008dd0                PROVIDE (__etext, ABSOLUTE (.))
                0x00008dd0                PROVIDE (_etext, ABSOLUTE (.))
                0x00008dd0                PROVIDE (etext, ABSOLUTE (.))
 *(.eh_frame_hdr)
                0x00008dd0                . = ALIGN (0x4)
                0x00008dd0                PROVIDE (__preinit_array_start, ABSOLUTE (.))
 *(.preinit_array)
                0x00008dd0                PROVIDE (__preinit_array_end, ABSOLUTE (.))
                0x00008dd0                PROVIDE (__init_array_start, ABSOLUTE (.))
 *(.init_array)
                0x00008dd0                PROVIDE (__init_array_end, ABSOLUTE (.))
                0x00008dd0                PROVIDE (__fini_array_start, ABSOLUTE (.))
 *(.fini_array)
                0x00008dd0                PROVIDE (__fini_array_end, ABSOLUTE (.))
 *(.eh_frame)
 *(.gcc_except_table)
 *(.dynamic)
                0x00008dd0                PROVIDE (__CTOR_LIST__, ABSOLUTE (.))
 *(.ctors)
 *(SORT(.ctors.*))
                0x00008dd0                PROVIDE (__CTOR_END__, ABSOLUTE (.))
                0x00008dd0                PROVIDE (__DTOR_LIST__, ABSOLUTE (.))
 *(.dtors)
 *(SORT(.dtors.*))
                0x00008dd0                PROVIDE (__DTOR_END__, ABSOLUTE (.))
 *(.jcr)
                0x00008dd0                . = ALIGN (0x4)

.rodata         0x00008dd0       0x34
                0x00008dd0                PROVIDE (__ram_rodata_start, ABSOLUTE (.))
                0x00008dd0                . = ALIGN (0x4)
 *(.rodata .rodata.* .gnu.linkonce.r.*)
 .rodata.str1.4
                0x00008dd0       0x34 obj/default/test_compteur.o
 *(.rodata1)
                0x00008e04                . = ALIGN (0x4)
                0x00008e04                PROVIDE (__ram_rodata_end, ABSOLUTE (.))
                0x00008dd0                PROVIDE (__flash_rodata_start, LOADADDR (.rodata))

.rwdata         0x00008e04       0xf0 load address 0x00008ef4
                0x00008e04                PROVIDE (__ram_rwdata_start, ABSOLUTE (.))
                0x00008e04                . = ALIGN (0x4)
 *(.got.plt)
 *(.got)
 *(.data1)
 *(.data .data.* .gnu.linkonce.d.*)
 .data          0x00008e04        0x0 ../test_comp_bsp//obj/HAL/src/crt0.o
 .data          0x00008e04        0x0 obj/default/test_compteur.o
 .data          0x00008e04        0x0 c:/altera/11.1sp2/nios2eds/bin/gnu/h-i686-mingw32/bin/../lib/gcc/nios2-elf/4.1.2/../../../../nios2-elf/lib/mno-hw-mul\libsmallc.a(lib_a-printf.o)
 .data          0x00008e04        0x0 c:/altera/11.1sp2/nios2eds/bin/gnu/h-i686-mingw32/bin/../lib/gcc/nios2-elf/4.1.2/../../../../nios2-elf/lib/mno-hw-mul\libsmallc.a(lib_a-vfprintf.o)
 .data          0x00008e04        0x0 c:/altera/11.1sp2/nios2eds/bin/gnu/h-i686-mingw32/bin/../lib/gcc/nios2-elf/4.1.2/../../../../nios2-elf/lib/mno-hw-mul\libsmallc.a(lib_a-fvwrite_small_dev.o)
 .data          0x00008e04       0xe0 c:/altera/11.1sp2/nios2eds/bin/gnu/h-i686-mingw32/bin/../lib/gcc/nios2-elf/4.1.2/../../../../nios2-elf/lib/mno-hw-mul\libsmallc.a(lib_a-impure.o)
 .data          0x00008ee4        0x0 c:/altera/11.1sp2/nios2eds/bin/gnu/h-i686-mingw32/bin/../lib/gcc/nios2-elf/4.1.2/../../../../nios2-elf/lib/mno-hw-mul\libsmallc.a(lib_a-strlen.o)
 .data          0x00008ee4        0x0 c:/altera/11.1sp2/nios2eds/bin/gnu/h-i686-mingw32/bin/../lib/gcc/nios2-elf/4.1.2/../../../../nios2-elf/lib/mno-hw-mul\libsmallc.a(lib_a-writer.o)
 .data          0x00008ee4        0x0 c:/altera/11.1sp2/nios2eds/bin/gnu/h-i686-mingw32/bin/../lib/gcc/nios2-elf/4.1.2/../../../../nios2-elf/lib/mno-hw-mul\libsmallc.a(lib_a-int_errno.o)
 .data          0x00008ee4        0x0 c:/altera/11.1sp2/nios2eds/bin/gnu/h-i686-mingw32/bin/../lib/gcc/nios2-elf/4.1.2/mno-hw-mul\libgcc.a(lib2-divmod.o)
 .data          0x00008ee4        0x0 c:/altera/11.1sp2/nios2eds/bin/gnu/h-i686-mingw32/bin/../lib/gcc/nios2-elf/4.1.2/mno-hw-mul\libgcc.a(lib2-mul.o)
 .data          0x00008ee4        0x0 ../test_comp_bsp/\libhal_bsp.a(alt_load.o)
 .data          0x00008ee4        0x0 ../test_comp_bsp/\libhal_bsp.a(alt_main.o)
 .data          0x00008ee4        0x0 ../test_comp_bsp/\libhal_bsp.a(alt_putstr.o)
 .data          0x00008ee4        0x0 ../test_comp_bsp/\libhal_bsp.a(alt_usleep.o)
 .data          0x00008ee4        0x0 ../test_comp_bsp/\libhal_bsp.a(alt_write.o)
 .data          0x00008ee4        0x0 ../test_comp_bsp/\libhal_bsp.a(alt_sys_init.o)
 .data          0x00008ee4        0x0 ../test_comp_bsp/\libhal_bsp.a(altera_avalon_jtag_uart_write.o)
 .data          0x00008ee4        0x0 ../test_comp_bsp/\libhal_bsp.a(alt_busy_sleep.o)
 .data          0x00008ee4        0x0 ../test_comp_bsp/\libhal_bsp.a(alt_dcache_flush_all.o)
 .data          0x00008ee4        0x0 ../test_comp_bsp/\libhal_bsp.a(alt_errno.o)
 .data          0x00008ee4        0x0 ../test_comp_bsp/\libhal_bsp.a(alt_icache_flush_all.o)
 .data          0x00008ee4        0x0 ../test_comp_bsp/\libhal_bsp.a(altera_nios2_irq.o)
                0x00010ee4                _gp = ABSOLUTE ((. + 0x8000))
                0x00010ee4                PROVIDE (gp, _gp)
 *(.rwdata .rwdata.*)
 *(.sdata .sdata.* .gnu.linkonce.s.*)
 .sdata         0x00008ee4        0x8 c:/altera/11.1sp2/nios2eds/bin/gnu/h-i686-mingw32/bin/../lib/gcc/nios2-elf/4.1.2/../../../../nios2-elf/lib/mno-hw-mul\libsmallc.a(lib_a-impure.o)
                0x00008ee4                _impure_ptr
                0x00008ee8                _global_impure_ptr
 .sdata         0x00008eec        0x4 ../test_comp_bsp/\libhal_bsp.a(alt_sys_init.o)
                0x00008eec                jtag_uart_0
 .sdata         0x00008ef0        0x4 ../test_comp_bsp/\libhal_bsp.a(alt_errno.o)
                0x00008ef0                alt_errno
 *(.sdata2 .sdata2.* .gnu.linkonce.s2.*)
                0x00008ef4                . = ALIGN (0x4)
                0x00008ef4                _edata = ABSOLUTE (.)
                0x00008ef4                PROVIDE (edata, ABSOLUTE (.))
                0x00008ef4                PROVIDE (__ram_rwdata_end, ABSOLUTE (.))
                0x00008ef4                PROVIDE (__flash_rwdata_start, LOADADDR (.rwdata))

.bss            0x00008fe4       0x1c
                0x00008fe4                __bss_start = ABSOLUTE (.)
                0x00008fe4                PROVIDE (__sbss_start, ABSOLUTE (.))
                0x00008fe4                PROVIDE (___sbss_start, ABSOLUTE (.))
 *(.dynsbss)
 *(.sbss .sbss.* .gnu.linkonce.sb.*)
 .sbss          0x00008fe4        0x8 obj/default/test_compteur.o
                0x00008fe4                etatB1
                0x00008fe8                etatB2
 .sbss          0x00008fec        0x2 obj/default/test_compteur.o
                0x00008fec                compt
 *fill*         0x00008fee        0x2 00
 .sbss          0x00008ff0        0x4 c:/altera/11.1sp2/nios2eds/bin/gnu/h-i686-mingw32/bin/../lib/gcc/nios2-elf/4.1.2/../../../../nios2-elf/lib/mno-hw-mul\libsmallc.a(lib_a-int_errno.o)
                0x00008ff0                errno
 .sbss          0x00008ff4        0xc ../test_comp_bsp/\libhal_bsp.a(alt_main.o)
                0x00008ff4                alt_argc
                0x00008ff8                alt_argv
                0x00008ffc                alt_envp
 *(.sbss2 .sbss2.* .gnu.linkonce.sb2.*)
 *(.scommon)
                0x00009000                PROVIDE (__sbss_end, ABSOLUTE (.))
                0x00009000                PROVIDE (___sbss_end, ABSOLUTE (.))
 *(.dynbss)
 *(.bss .bss.* .gnu.linkonce.b.*)
 .bss           0x00009000        0x0 ../test_comp_bsp//obj/HAL/src/crt0.o
 .bss           0x00009000        0x0 obj/default/test_compteur.o
 .bss           0x00009000        0x0 c:/altera/11.1sp2/nios2eds/bin/gnu/h-i686-mingw32/bin/../lib/gcc/nios2-elf/4.1.2/../../../../nios2-elf/lib/mno-hw-mul\libsmallc.a(lib_a-printf.o)
 .bss           0x00009000        0x0 c:/altera/11.1sp2/nios2eds/bin/gnu/h-i686-mingw32/bin/../lib/gcc/nios2-elf/4.1.2/../../../../nios2-elf/lib/mno-hw-mul\libsmallc.a(lib_a-vfprintf.o)
 .bss           0x00009000        0x0 c:/altera/11.1sp2/nios2eds/bin/gnu/h-i686-mingw32/bin/../lib/gcc/nios2-elf/4.1.2/../../../../nios2-elf/lib/mno-hw-mul\libsmallc.a(lib_a-fvwrite_small_dev.o)
 .bss           0x00009000        0x0 c:/altera/11.1sp2/nios2eds/bin/gnu/h-i686-mingw32/bin/../lib/gcc/nios2-elf/4.1.2/../../../../nios2-elf/lib/mno-hw-mul\libsmallc.a(lib_a-impure.o)
 .bss           0x00009000        0x0 c:/altera/11.1sp2/nios2eds/bin/gnu/h-i686-mingw32/bin/../lib/gcc/nios2-elf/4.1.2/../../../../nios2-elf/lib/mno-hw-mul\libsmallc.a(lib_a-strlen.o)
 .bss           0x00009000        0x0 c:/altera/11.1sp2/nios2eds/bin/gnu/h-i686-mingw32/bin/../lib/gcc/nios2-elf/4.1.2/../../../../nios2-elf/lib/mno-hw-mul\libsmallc.a(lib_a-writer.o)
 .bss           0x00009000        0x0 c:/altera/11.1sp2/nios2eds/bin/gnu/h-i686-mingw32/bin/../lib/gcc/nios2-elf/4.1.2/../../../../nios2-elf/lib/mno-hw-mul\libsmallc.a(lib_a-int_errno.o)
 .bss           0x00009000        0x0 c:/altera/11.1sp2/nios2eds/bin/gnu/h-i686-mingw32/bin/../lib/gcc/nios2-elf/4.1.2/mno-hw-mul\libgcc.a(lib2-divmod.o)
 .bss           0x00009000        0x0 c:/altera/11.1sp2/nios2eds/bin/gnu/h-i686-mingw32/bin/../lib/gcc/nios2-elf/4.1.2/mno-hw-mul\libgcc.a(lib2-mul.o)
 .bss           0x00009000        0x0 ../test_comp_bsp/\libhal_bsp.a(alt_load.o)
 .bss           0x00009000        0x0 ../test_comp_bsp/\libhal_bsp.a(alt_main.o)
 .bss           0x00009000        0x0 ../test_comp_bsp/\libhal_bsp.a(alt_putstr.o)
 .bss           0x00009000        0x0 ../test_comp_bsp/\libhal_bsp.a(alt_usleep.o)
 .bss           0x00009000        0x0 ../test_comp_bsp/\libhal_bsp.a(alt_write.o)
 .bss           0x00009000        0x0 ../test_comp_bsp/\libhal_bsp.a(alt_sys_init.o)
 .bss           0x00009000        0x0 ../test_comp_bsp/\libhal_bsp.a(altera_avalon_jtag_uart_write.o)
 .bss           0x00009000        0x0 ../test_comp_bsp/\libhal_bsp.a(alt_busy_sleep.o)
 .bss           0x00009000        0x0 ../test_comp_bsp/\libhal_bsp.a(alt_dcache_flush_all.o)
 .bss           0x00009000        0x0 ../test_comp_bsp/\libhal_bsp.a(alt_errno.o)
 .bss           0x00009000        0x0 ../test_comp_bsp/\libhal_bsp.a(alt_icache_flush_all.o)
 .bss           0x00009000        0x0 ../test_comp_bsp/\libhal_bsp.a(altera_nios2_irq.o)
 *(COMMON)
                0x00009000                . = ALIGN (0x4)
                0x00009000                __bss_end = ABSOLUTE (.)

.saram          0x00009000        0x0
                0x00009000                PROVIDE (_alt_partition_saram_start, ABSOLUTE (.))
 *(.saram. saram.*)
                0x00009000                . = ALIGN (0x4)
                0x00009000                PROVIDE (_alt_partition_saram_end, ABSOLUTE (.))
                0x00009000                _end = ABSOLUTE (.)
                0x00009000                end = ABSOLUTE (.)
                0x00009000                __alt_stack_base = ABSOLUTE (.)
                0x00009000                PROVIDE (_alt_partition_saram_load_addr, LOADADDR (.saram))

.stab
 *(.stab)

.stabstr
 *(.stabstr)

.stab.excl
 *(.stab.excl)

.stab.exclstr
 *(.stab.exclstr)

.stab.index
 *(.stab.index)

.stab.indexstr
 *(.stab.indexstr)

.comment        0x00000000       0x26
 *(.comment)
 .comment       0x00000000       0x26 obj/default/test_compteur.o
                                 0x27 (size before relaxing)
 .comment       0x00000000       0x27 c:/altera/11.1sp2/nios2eds/bin/gnu/h-i686-mingw32/bin/../lib/gcc/nios2-elf/4.1.2/../../../../nios2-elf/lib/mno-hw-mul\libsmallc.a(lib_a-printf.o)
 .comment       0x00000000       0x27 c:/altera/11.1sp2/nios2eds/bin/gnu/h-i686-mingw32/bin/../lib/gcc/nios2-elf/4.1.2/../../../../nios2-elf/lib/mno-hw-mul\libsmallc.a(lib_a-vfprintf.o)
 .comment       0x00000000       0x27 c:/altera/11.1sp2/nios2eds/bin/gnu/h-i686-mingw32/bin/../lib/gcc/nios2-elf/4.1.2/../../../../nios2-elf/lib/mno-hw-mul\libsmallc.a(lib_a-fvwrite_small_dev.o)
 .comment       0x00000000       0x27 c:/altera/11.1sp2/nios2eds/bin/gnu/h-i686-mingw32/bin/../lib/gcc/nios2-elf/4.1.2/../../../../nios2-elf/lib/mno-hw-mul\libsmallc.a(lib_a-impure.o)
 .comment       0x00000000       0x27 c:/altera/11.1sp2/nios2eds/bin/gnu/h-i686-mingw32/bin/../lib/gcc/nios2-elf/4.1.2/../../../../nios2-elf/lib/mno-hw-mul\libsmallc.a(lib_a-strlen.o)
 .comment       0x00000000       0x27 c:/altera/11.1sp2/nios2eds/bin/gnu/h-i686-mingw32/bin/../lib/gcc/nios2-elf/4.1.2/../../../../nios2-elf/lib/mno-hw-mul\libsmallc.a(lib_a-writer.o)
 .comment       0x00000000       0x27 c:/altera/11.1sp2/nios2eds/bin/gnu/h-i686-mingw32/bin/../lib/gcc/nios2-elf/4.1.2/../../../../nios2-elf/lib/mno-hw-mul\libsmallc.a(lib_a-int_errno.o)
 .comment       0x00000000       0x27 c:/altera/11.1sp2/nios2eds/bin/gnu/h-i686-mingw32/bin/../lib/gcc/nios2-elf/4.1.2/mno-hw-mul\libgcc.a(lib2-divmod.o)
 .comment       0x00000000       0x27 c:/altera/11.1sp2/nios2eds/bin/gnu/h-i686-mingw32/bin/../lib/gcc/nios2-elf/4.1.2/mno-hw-mul\libgcc.a(lib2-mul.o)
 .comment       0x00000000       0x27 ../test_comp_bsp/\libhal_bsp.a(alt_load.o)
 .comment       0x00000000       0x27 ../test_comp_bsp/\libhal_bsp.a(alt_main.o)
 .comment       0x00000000       0x27 ../test_comp_bsp/\libhal_bsp.a(alt_putstr.o)
 .comment       0x00000000       0x27 ../test_comp_bsp/\libhal_bsp.a(alt_usleep.o)
 .comment       0x00000000       0x27 ../test_comp_bsp/\libhal_bsp.a(alt_write.o)
 .comment       0x00000000       0x27 ../test_comp_bsp/\libhal_bsp.a(alt_sys_init.o)
 .comment       0x00000000       0x27 ../test_comp_bsp/\libhal_bsp.a(altera_avalon_jtag_uart_write.o)
 .comment       0x00000000       0x27 ../test_comp_bsp/\libhal_bsp.a(alt_busy_sleep.o)
 .comment       0x00000000       0x27 ../test_comp_bsp/\libhal_bsp.a(alt_dcache_flush_all.o)
 .comment       0x00000000       0x27 ../test_comp_bsp/\libhal_bsp.a(alt_errno.o)
 .comment       0x00000000       0x27 ../test_comp_bsp/\libhal_bsp.a(alt_icache_flush_all.o)
 .comment       0x00000000       0x27 ../test_comp_bsp/\libhal_bsp.a(altera_nios2_irq.o)

.debug
 *(.debug)

.line
 *(.line)

.debug_srcinfo
 *(.debug_srcinfo)

.debug_sfnames
 *(.debug_sfnames)

.debug_aranges  0x00000000      0x288
 *(.debug_aranges)
 .debug_aranges
                0x00000000       0x28 ../test_comp_bsp//obj/HAL/src/crt0.o
 .debug_aranges
                0x00000028       0x20 obj/default/test_compteur.o
 .debug_aranges
                0x00000048       0x20 c:/altera/11.1sp2/nios2eds/bin/gnu/h-i686-mingw32/bin/../lib/gcc/nios2-elf/4.1.2/../../../../nios2-elf/lib/mno-hw-mul\libsmallc.a(lib_a-printf.o)
 .debug_aranges
                0x00000068       0x20 c:/altera/11.1sp2/nios2eds/bin/gnu/h-i686-mingw32/bin/../lib/gcc/nios2-elf/4.1.2/../../../../nios2-elf/lib/mno-hw-mul\libsmallc.a(lib_a-vfprintf.o)
 .debug_aranges
                0x00000088       0x20 c:/altera/11.1sp2/nios2eds/bin/gnu/h-i686-mingw32/bin/../lib/gcc/nios2-elf/4.1.2/../../../../nios2-elf/lib/mno-hw-mul\libsmallc.a(lib_a-fvwrite_small_dev.o)
 .debug_aranges
                0x000000a8       0x20 c:/altera/11.1sp2/nios2eds/bin/gnu/h-i686-mingw32/bin/../lib/gcc/nios2-elf/4.1.2/../../../../nios2-elf/lib/mno-hw-mul\libsmallc.a(lib_a-strlen.o)
 .debug_aranges
                0x000000c8       0x20 c:/altera/11.1sp2/nios2eds/bin/gnu/h-i686-mingw32/bin/../lib/gcc/nios2-elf/4.1.2/../../../../nios2-elf/lib/mno-hw-mul\libsmallc.a(lib_a-writer.o)
 .debug_aranges
                0x000000e8       0x20 c:/altera/11.1sp2/nios2eds/bin/gnu/h-i686-mingw32/bin/../lib/gcc/nios2-elf/4.1.2/mno-hw-mul\libgcc.a(lib2-divmod.o)
 .debug_aranges
                0x00000108       0x20 c:/altera/11.1sp2/nios2eds/bin/gnu/h-i686-mingw32/bin/../lib/gcc/nios2-elf/4.1.2/mno-hw-mul\libgcc.a(lib2-mul.o)
 .debug_aranges
                0x00000128       0x20 ../test_comp_bsp/\libhal_bsp.a(alt_load.o)
 .debug_aranges
                0x00000148       0x20 ../test_comp_bsp/\libhal_bsp.a(alt_main.o)
 .debug_aranges
                0x00000168       0x20 ../test_comp_bsp/\libhal_bsp.a(alt_putstr.o)
 .debug_aranges
                0x00000188       0x20 ../test_comp_bsp/\libhal_bsp.a(alt_usleep.o)
 .debug_aranges
                0x000001a8       0x20 ../test_comp_bsp/\libhal_bsp.a(alt_write.o)
 .debug_aranges
                0x000001c8       0x20 ../test_comp_bsp/\libhal_bsp.a(alt_sys_init.o)
 .debug_aranges
                0x000001e8       0x20 ../test_comp_bsp/\libhal_bsp.a(altera_avalon_jtag_uart_write.o)
 .debug_aranges
                0x00000208       0x20 ../test_comp_bsp/\libhal_bsp.a(alt_busy_sleep.o)
 .debug_aranges
                0x00000228       0x20 ../test_comp_bsp/\libhal_bsp.a(alt_dcache_flush_all.o)
 .debug_aranges
                0x00000248       0x20 ../test_comp_bsp/\libhal_bsp.a(alt_icache_flush_all.o)
 .debug_aranges
                0x00000268       0x20 ../test_comp_bsp/\libhal_bsp.a(altera_nios2_irq.o)

.debug_pubnames
                0x00000000      0x3cc
 *(.debug_pubnames)
 .debug_pubnames
                0x00000000       0x3b obj/default/test_compteur.o
 .debug_pubnames
                0x0000003b       0x2b c:/altera/11.1sp2/nios2eds/bin/gnu/h-i686-mingw32/bin/../lib/gcc/nios2-elf/4.1.2/../../../../nios2-elf/lib/mno-hw-mul\libsmallc.a(lib_a-printf.o)
 .debug_pubnames
                0x00000066       0x45 c:/altera/11.1sp2/nios2eds/bin/gnu/h-i686-mingw32/bin/../lib/gcc/nios2-elf/4.1.2/../../../../nios2-elf/lib/mno-hw-mul\libsmallc.a(lib_a-vfprintf.o)
 .debug_pubnames
                0x000000ab       0x2b c:/altera/11.1sp2/nios2eds/bin/gnu/h-i686-mingw32/bin/../lib/gcc/nios2-elf/4.1.2/../../../../nios2-elf/lib/mno-hw-mul\libsmallc.a(lib_a-fvwrite_small_dev.o)
 .debug_pubnames
                0x000000d6       0x39 c:/altera/11.1sp2/nios2eds/bin/gnu/h-i686-mingw32/bin/../lib/gcc/nios2-elf/4.1.2/../../../../nios2-elf/lib/mno-hw-mul\libsmallc.a(lib_a-impure.o)
 .debug_pubnames
                0x0000010f       0x1d c:/altera/11.1sp2/nios2eds/bin/gnu/h-i686-mingw32/bin/../lib/gcc/nios2-elf/4.1.2/../../../../nios2-elf/lib/mno-hw-mul\libsmallc.a(lib_a-strlen.o)
 .debug_pubnames
                0x0000012c       0x1f c:/altera/11.1sp2/nios2eds/bin/gnu/h-i686-mingw32/bin/../lib/gcc/nios2-elf/4.1.2/../../../../nios2-elf/lib/mno-hw-mul\libsmallc.a(lib_a-writer.o)
 .debug_pubnames
                0x0000014b       0x1c c:/altera/11.1sp2/nios2eds/bin/gnu/h-i686-mingw32/bin/../lib/gcc/nios2-elf/4.1.2/../../../../nios2-elf/lib/mno-hw-mul\libsmallc.a(lib_a-int_errno.o)
 .debug_pubnames
                0x00000167       0x48 c:/altera/11.1sp2/nios2eds/bin/gnu/h-i686-mingw32/bin/../lib/gcc/nios2-elf/4.1.2/mno-hw-mul\libgcc.a(lib2-divmod.o)
 .debug_pubnames
                0x000001af       0x1f c:/altera/11.1sp2/nios2eds/bin/gnu/h-i686-mingw32/bin/../lib/gcc/nios2-elf/4.1.2/mno-hw-mul\libgcc.a(lib2-mul.o)
 .debug_pubnames
                0x000001ce       0x1f ../test_comp_bsp/\libhal_bsp.a(alt_load.o)
 .debug_pubnames
                0x000001ed       0x46 ../test_comp_bsp/\libhal_bsp.a(alt_main.o)
 .debug_pubnames
                0x00000233       0x21 ../test_comp_bsp/\libhal_bsp.a(alt_putstr.o)
 .debug_pubnames
                0x00000254       0x1d ../test_comp_bsp/\libhal_bsp.a(alt_usleep.o)
 .debug_pubnames
                0x00000271       0x1c ../test_comp_bsp/\libhal_bsp.a(alt_write.o)
 .debug_pubnames
                0x0000028d       0x44 ../test_comp_bsp/\libhal_bsp.a(alt_sys_init.o)
 .debug_pubnames
                0x000002d1       0x34 ../test_comp_bsp/\libhal_bsp.a(altera_avalon_jtag_uart_write.o)
 .debug_pubnames
                0x00000305       0x25 ../test_comp_bsp/\libhal_bsp.a(alt_busy_sleep.o)
 .debug_pubnames
                0x0000032a       0x2b ../test_comp_bsp/\libhal_bsp.a(alt_dcache_flush_all.o)
 .debug_pubnames
                0x00000355       0x20 ../test_comp_bsp/\libhal_bsp.a(alt_errno.o)
 .debug_pubnames
                0x00000375       0x2b ../test_comp_bsp/\libhal_bsp.a(alt_icache_flush_all.o)
 .debug_pubnames
                0x000003a0       0x2c ../test_comp_bsp/\libhal_bsp.a(altera_nios2_irq.o)

.debug_info     0x00000000     0x346b
 *(.debug_info .gnu.linkonce.wi.*)
 .debug_info    0x00000000       0x78 ../test_comp_bsp//obj/HAL/src/crt0.o
 .debug_info    0x00000078       0xc8 obj/default/test_compteur.o
 .debug_info    0x00000140      0x6c8 c:/altera/11.1sp2/nios2eds/bin/gnu/h-i686-mingw32/bin/../lib/gcc/nios2-elf/4.1.2/../../../../nios2-elf/lib/mno-hw-mul\libsmallc.a(lib_a-printf.o)
 .debug_info    0x00000808      0x94c c:/altera/11.1sp2/nios2eds/bin/gnu/h-i686-mingw32/bin/../lib/gcc/nios2-elf/4.1.2/../../../../nios2-elf/lib/mno-hw-mul\libsmallc.a(lib_a-vfprintf.o)
 .debug_info    0x00001154      0x68e c:/altera/11.1sp2/nios2eds/bin/gnu/h-i686-mingw32/bin/../lib/gcc/nios2-elf/4.1.2/../../../../nios2-elf/lib/mno-hw-mul\libsmallc.a(lib_a-fvwrite_small_dev.o)
 .debug_info    0x000017e2      0x636 c:/altera/11.1sp2/nios2eds/bin/gnu/h-i686-mingw32/bin/../lib/gcc/nios2-elf/4.1.2/../../../../nios2-elf/lib/mno-hw-mul\libsmallc.a(lib_a-impure.o)
 .debug_info    0x00001e18       0xc2 c:/altera/11.1sp2/nios2eds/bin/gnu/h-i686-mingw32/bin/../lib/gcc/nios2-elf/4.1.2/../../../../nios2-elf/lib/mno-hw-mul\libsmallc.a(lib_a-strlen.o)
 .debug_info    0x00001eda      0x68c c:/altera/11.1sp2/nios2eds/bin/gnu/h-i686-mingw32/bin/../lib/gcc/nios2-elf/4.1.2/../../../../nios2-elf/lib/mno-hw-mul\libsmallc.a(lib_a-writer.o)
 .debug_info    0x00002566       0x8c c:/altera/11.1sp2/nios2eds/bin/gnu/h-i686-mingw32/bin/../lib/gcc/nios2-elf/4.1.2/../../../../nios2-elf/lib/mno-hw-mul\libsmallc.a(lib_a-int_errno.o)
 .debug_info    0x000025f2      0x21c c:/altera/11.1sp2/nios2eds/bin/gnu/h-i686-mingw32/bin/../lib/gcc/nios2-elf/4.1.2/mno-hw-mul\libgcc.a(lib2-divmod.o)
 .debug_info    0x0000280e       0xf3 c:/altera/11.1sp2/nios2eds/bin/gnu/h-i686-mingw32/bin/../lib/gcc/nios2-elf/4.1.2/mno-hw-mul\libgcc.a(lib2-mul.o)
 .debug_info    0x00002901      0x12e ../test_comp_bsp/\libhal_bsp.a(alt_load.o)
 .debug_info    0x00002a2f      0x125 ../test_comp_bsp/\libhal_bsp.a(alt_main.o)
 .debug_info    0x00002b54       0xc5 ../test_comp_bsp/\libhal_bsp.a(alt_putstr.o)
 .debug_info    0x00002c19       0xab ../test_comp_bsp/\libhal_bsp.a(alt_usleep.o)
 .debug_info    0x00002cc4      0x179 ../test_comp_bsp/\libhal_bsp.a(alt_write.o)
 .debug_info    0x00002e3d      0x17d ../test_comp_bsp/\libhal_bsp.a(alt_sys_init.o)
 .debug_info    0x00002fba      0x18f ../test_comp_bsp/\libhal_bsp.a(altera_avalon_jtag_uart_write.o)
 .debug_info    0x00003149       0xd0 ../test_comp_bsp/\libhal_bsp.a(alt_busy_sleep.o)
 .debug_info    0x00003219       0x8d ../test_comp_bsp/\libhal_bsp.a(alt_dcache_flush_all.o)
 .debug_info    0x000032a6       0xab ../test_comp_bsp/\libhal_bsp.a(alt_errno.o)
 .debug_info    0x00003351       0x8d ../test_comp_bsp/\libhal_bsp.a(alt_icache_flush_all.o)
 .debug_info    0x000033de       0x8d ../test_comp_bsp/\libhal_bsp.a(altera_nios2_irq.o)

.debug_abbrev   0x00000000     0x10b0
 *(.debug_abbrev)
 .debug_abbrev  0x00000000       0x12 ../test_comp_bsp//obj/HAL/src/crt0.o
 .debug_abbrev  0x00000012       0x50 obj/default/test_compteur.o
 .debug_abbrev  0x00000062      0x179 c:/altera/11.1sp2/nios2eds/bin/gnu/h-i686-mingw32/bin/../lib/gcc/nios2-elf/4.1.2/../../../../nios2-elf/lib/mno-hw-mul\libsmallc.a(lib_a-printf.o)
 .debug_abbrev  0x000001db      0x247 c:/altera/11.1sp2/nios2eds/bin/gnu/h-i686-mingw32/bin/../lib/gcc/nios2-elf/4.1.2/../../../../nios2-elf/lib/mno-hw-mul\libsmallc.a(lib_a-vfprintf.o)
 .debug_abbrev  0x00000422      0x179 c:/altera/11.1sp2/nios2eds/bin/gnu/h-i686-mingw32/bin/../lib/gcc/nios2-elf/4.1.2/../../../../nios2-elf/lib/mno-hw-mul\libsmallc.a(lib_a-fvwrite_small_dev.o)
 .debug_abbrev  0x0000059b      0x13f c:/altera/11.1sp2/nios2eds/bin/gnu/h-i686-mingw32/bin/../lib/gcc/nios2-elf/4.1.2/../../../../nios2-elf/lib/mno-hw-mul\libsmallc.a(lib_a-impure.o)
 .debug_abbrev  0x000006da       0x7a c:/altera/11.1sp2/nios2eds/bin/gnu/h-i686-mingw32/bin/../lib/gcc/nios2-elf/4.1.2/../../../../nios2-elf/lib/mno-hw-mul\libsmallc.a(lib_a-strlen.o)
 .debug_abbrev  0x00000754      0x16c c:/altera/11.1sp2/nios2eds/bin/gnu/h-i686-mingw32/bin/../lib/gcc/nios2-elf/4.1.2/../../../../nios2-elf/lib/mno-hw-mul\libsmallc.a(lib_a-writer.o)
 .debug_abbrev  0x000008c0       0x3b c:/altera/11.1sp2/nios2eds/bin/gnu/h-i686-mingw32/bin/../lib/gcc/nios2-elf/4.1.2/../../../../nios2-elf/lib/mno-hw-mul\libsmallc.a(lib_a-int_errno.o)
 .debug_abbrev  0x000008fb       0xe0 c:/altera/11.1sp2/nios2eds/bin/gnu/h-i686-mingw32/bin/../lib/gcc/nios2-elf/4.1.2/mno-hw-mul\libgcc.a(lib2-divmod.o)
 .debug_abbrev  0x000009db       0x7b c:/altera/11.1sp2/nios2eds/bin/gnu/h-i686-mingw32/bin/../lib/gcc/nios2-elf/4.1.2/mno-hw-mul\libgcc.a(lib2-mul.o)
 .debug_abbrev  0x00000a56       0x97 ../test_comp_bsp/\libhal_bsp.a(alt_load.o)
 .debug_abbrev  0x00000aed       0xa6 ../test_comp_bsp/\libhal_bsp.a(alt_main.o)
 .debug_abbrev  0x00000b93       0x7c ../test_comp_bsp/\libhal_bsp.a(alt_putstr.o)
 .debug_abbrev  0x00000c0f       0x5d ../test_comp_bsp/\libhal_bsp.a(alt_usleep.o)
 .debug_abbrev  0x00000c6c       0xdd ../test_comp_bsp/\libhal_bsp.a(alt_write.o)
 .debug_abbrev  0x00000d49       0xe3 ../test_comp_bsp/\libhal_bsp.a(alt_sys_init.o)
 .debug_abbrev  0x00000e2c       0xf0 ../test_comp_bsp/\libhal_bsp.a(altera_avalon_jtag_uart_write.o)
 .debug_abbrev  0x00000f1c       0x79 ../test_comp_bsp/\libhal_bsp.a(alt_busy_sleep.o)
 .debug_abbrev  0x00000f95       0x3f ../test_comp_bsp/\libhal_bsp.a(alt_dcache_flush_all.o)
 .debug_abbrev  0x00000fd4       0x5e ../test_comp_bsp/\libhal_bsp.a(alt_errno.o)
 .debug_abbrev  0x00001032       0x3f ../test_comp_bsp/\libhal_bsp.a(alt_icache_flush_all.o)
 .debug_abbrev  0x00001071       0x3f ../test_comp_bsp/\libhal_bsp.a(altera_nios2_irq.o)

.debug_line     0x00000000     0x34b8
 *(.debug_line)
 .debug_line    0x00000000       0x66 ../test_comp_bsp//obj/HAL/src/crt0.o
 .debug_line    0x00000066      0x27c obj/default/test_compteur.o
 .debug_line    0x000002e2      0x2be c:/altera/11.1sp2/nios2eds/bin/gnu/h-i686-mingw32/bin/../lib/gcc/nios2-elf/4.1.2/../../../../nios2-elf/lib/mno-hw-mul\libsmallc.a(lib_a-printf.o)
 .debug_line    0x000005a0      0x5f3 c:/altera/11.1sp2/nios2eds/bin/gnu/h-i686-mingw32/bin/../lib/gcc/nios2-elf/4.1.2/../../../../nios2-elf/lib/mno-hw-mul\libsmallc.a(lib_a-vfprintf.o)
 .debug_line    0x00000b93      0x2a9 c:/altera/11.1sp2/nios2eds/bin/gnu/h-i686-mingw32/bin/../lib/gcc/nios2-elf/4.1.2/../../../../nios2-elf/lib/mno-hw-mul\libsmallc.a(lib_a-fvwrite_small_dev.o)
 .debug_line    0x00000e3c      0x230 c:/altera/11.1sp2/nios2eds/bin/gnu/h-i686-mingw32/bin/../lib/gcc/nios2-elf/4.1.2/../../../../nios2-elf/lib/mno-hw-mul\libsmallc.a(lib_a-impure.o)
 .debug_line    0x0000106c      0x250 c:/altera/11.1sp2/nios2eds/bin/gnu/h-i686-mingw32/bin/../lib/gcc/nios2-elf/4.1.2/../../../../nios2-elf/lib/mno-hw-mul\libsmallc.a(lib_a-strlen.o)
 .debug_line    0x000012bc      0x29d c:/altera/11.1sp2/nios2eds/bin/gnu/h-i686-mingw32/bin/../lib/gcc/nios2-elf/4.1.2/../../../../nios2-elf/lib/mno-hw-mul\libsmallc.a(lib_a-writer.o)
 .debug_line    0x00001559      0x1e2 c:/altera/11.1sp2/nios2eds/bin/gnu/h-i686-mingw32/bin/../lib/gcc/nios2-elf/4.1.2/../../../../nios2-elf/lib/mno-hw-mul\libsmallc.a(lib_a-int_errno.o)
 .debug_line    0x0000173b      0x24f c:/altera/11.1sp2/nios2eds/bin/gnu/h-i686-mingw32/bin/../lib/gcc/nios2-elf/4.1.2/mno-hw-mul\libgcc.a(lib2-divmod.o)
 .debug_line    0x0000198a      0x11a c:/altera/11.1sp2/nios2eds/bin/gnu/h-i686-mingw32/bin/../lib/gcc/nios2-elf/4.1.2/mno-hw-mul\libgcc.a(lib2-mul.o)
 .debug_line    0x00001aa4      0x217 ../test_comp_bsp/\libhal_bsp.a(alt_load.o)
 .debug_line    0x00001cbb      0x2c2 ../test_comp_bsp/\libhal_bsp.a(alt_main.o)
 .debug_line    0x00001f7d      0x1d9 ../test_comp_bsp/\libhal_bsp.a(alt_putstr.o)
 .debug_line    0x00002156      0x202 ../test_comp_bsp/\libhal_bsp.a(alt_usleep.o)
 .debug_line    0x00002358      0x2ab ../test_comp_bsp/\libhal_bsp.a(alt_write.o)
 .debug_line    0x00002603      0x286 ../test_comp_bsp/\libhal_bsp.a(alt_sys_init.o)
 .debug_line    0x00002889      0x2f4 ../test_comp_bsp/\libhal_bsp.a(altera_avalon_jtag_uart_write.o)
 .debug_line    0x00002b7d      0x25e ../test_comp_bsp/\libhal_bsp.a(alt_busy_sleep.o)
 .debug_line    0x00002ddb      0x1b5 ../test_comp_bsp/\libhal_bsp.a(alt_dcache_flush_all.o)
 .debug_line    0x00002f90      0x1aa ../test_comp_bsp/\libhal_bsp.a(alt_errno.o)
 .debug_line    0x0000313a      0x1b5 ../test_comp_bsp/\libhal_bsp.a(alt_icache_flush_all.o)
 .debug_line    0x000032ef      0x1c9 ../test_comp_bsp/\libhal_bsp.a(altera_nios2_irq.o)

.debug_frame    0x00000000      0x388
 *(.debug_frame)
 .debug_frame   0x00000000       0x28 obj/default/test_compteur.o
 .debug_frame   0x00000028       0x40 c:/altera/11.1sp2/nios2eds/bin/gnu/h-i686-mingw32/bin/../lib/gcc/nios2-elf/4.1.2/../../../../nios2-elf/lib/mno-hw-mul\libsmallc.a(lib_a-printf.o)
 .debug_frame   0x00000068       0x64 c:/altera/11.1sp2/nios2eds/bin/gnu/h-i686-mingw32/bin/../lib/gcc/nios2-elf/4.1.2/../../../../nios2-elf/lib/mno-hw-mul\libsmallc.a(lib_a-vfprintf.o)
 .debug_frame   0x000000cc       0x30 c:/altera/11.1sp2/nios2eds/bin/gnu/h-i686-mingw32/bin/../lib/gcc/nios2-elf/4.1.2/../../../../nios2-elf/lib/mno-hw-mul\libsmallc.a(lib_a-fvwrite_small_dev.o)
 .debug_frame   0x000000fc       0x20 c:/altera/11.1sp2/nios2eds/bin/gnu/h-i686-mingw32/bin/../lib/gcc/nios2-elf/4.1.2/../../../../nios2-elf/lib/mno-hw-mul\libsmallc.a(lib_a-strlen.o)
 .debug_frame   0x0000011c       0x2c c:/altera/11.1sp2/nios2eds/bin/gnu/h-i686-mingw32/bin/../lib/gcc/nios2-elf/4.1.2/../../../../nios2-elf/lib/mno-hw-mul\libsmallc.a(lib_a-writer.o)
 .debug_frame   0x00000148       0x70 c:/altera/11.1sp2/nios2eds/bin/gnu/h-i686-mingw32/bin/../lib/gcc/nios2-elf/4.1.2/mno-hw-mul\libgcc.a(lib2-divmod.o)
 .debug_frame   0x000001b8       0x20 c:/altera/11.1sp2/nios2eds/bin/gnu/h-i686-mingw32/bin/../lib/gcc/nios2-elf/4.1.2/mno-hw-mul\libgcc.a(lib2-mul.o)
 .debug_frame   0x000001d8       0x38 ../test_comp_bsp/\libhal_bsp.a(alt_load.o)
 .debug_frame   0x00000210       0x28 ../test_comp_bsp/\libhal_bsp.a(alt_main.o)
 .debug_frame   0x00000238       0x28 ../test_comp_bsp/\libhal_bsp.a(alt_putstr.o)
 .debug_frame   0x00000260       0x20 ../test_comp_bsp/\libhal_bsp.a(alt_usleep.o)
 .debug_frame   0x00000280       0x28 ../test_comp_bsp/\libhal_bsp.a(alt_write.o)
 .debug_frame   0x000002a8       0x38 ../test_comp_bsp/\libhal_bsp.a(alt_sys_init.o)
 .debug_frame   0x000002e0       0x20 ../test_comp_bsp/\libhal_bsp.a(altera_avalon_jtag_uart_write.o)
 .debug_frame   0x00000300       0x28 ../test_comp_bsp/\libhal_bsp.a(alt_busy_sleep.o)
 .debug_frame   0x00000328       0x20 ../test_comp_bsp/\libhal_bsp.a(alt_dcache_flush_all.o)
 .debug_frame   0x00000348       0x20 ../test_comp_bsp/\libhal_bsp.a(alt_icache_flush_all.o)
 .debug_frame   0x00000368       0x20 ../test_comp_bsp/\libhal_bsp.a(altera_nios2_irq.o)

.debug_str      0x00000000      0xd9b
 *(.debug_str)
 .debug_str     0x00000000       0xc3 obj/default/test_compteur.o
                                0x101 (size before relaxing)
 .debug_str     0x000000c3      0x3a3 c:/altera/11.1sp2/nios2eds/bin/gnu/h-i686-mingw32/bin/../lib/gcc/nios2-elf/4.1.2/../../../../nios2-elf/lib/mno-hw-mul\libsmallc.a(lib_a-printf.o)
                                0x466 (size before relaxing)
 .debug_str     0x00000466      0x115 c:/altera/11.1sp2/nios2eds/bin/gnu/h-i686-mingw32/bin/../lib/gcc/nios2-elf/4.1.2/../../../../nios2-elf/lib/mno-hw-mul\libsmallc.a(lib_a-vfprintf.o)
                                0x562 (size before relaxing)
 .debug_str     0x0000057b       0x70 c:/altera/11.1sp2/nios2eds/bin/gnu/h-i686-mingw32/bin/../lib/gcc/nios2-elf/4.1.2/../../../../nios2-elf/lib/mno-hw-mul\libsmallc.a(lib_a-fvwrite_small_dev.o)
                                0x46a (size before relaxing)
 .debug_str     0x000005eb       0xf8 c:/altera/11.1sp2/nios2eds/bin/gnu/h-i686-mingw32/bin/../lib/gcc/nios2-elf/4.1.2/../../../../nios2-elf/lib/mno-hw-mul\libsmallc.a(lib_a-impure.o)
                                0x45d (size before relaxing)
 .debug_str     0x000006e3       0xe2 c:/altera/11.1sp2/nios2eds/bin/gnu/h-i686-mingw32/bin/../lib/gcc/nios2-elf/4.1.2/../../../../nios2-elf/lib/mno-hw-mul\libsmallc.a(lib_a-strlen.o)
                                0x184 (size before relaxing)
 .debug_str     0x000007c5       0x4f c:/altera/11.1sp2/nios2eds/bin/gnu/h-i686-mingw32/bin/../lib/gcc/nios2-elf/4.1.2/../../../../nios2-elf/lib/mno-hw-mul\libsmallc.a(lib_a-writer.o)
                                0x451 (size before relaxing)
 .debug_str     0x00000814       0x40 c:/altera/11.1sp2/nios2eds/bin/gnu/h-i686-mingw32/bin/../lib/gcc/nios2-elf/4.1.2/../../../../nios2-elf/lib/mno-hw-mul\libsmallc.a(lib_a-int_errno.o)
                                0x177 (size before relaxing)
 .debug_str     0x00000854      0x10b c:/altera/11.1sp2/nios2eds/bin/gnu/h-i686-mingw32/bin/../lib/gcc/nios2-elf/4.1.2/mno-hw-mul\libgcc.a(lib2-divmod.o)
                                0x1b4 (size before relaxing)
 .debug_str     0x0000095f       0x37 c:/altera/11.1sp2/nios2eds/bin/gnu/h-i686-mingw32/bin/../lib/gcc/nios2-elf/4.1.2/mno-hw-mul\libgcc.a(lib2-mul.o)
                                0x175 (size before relaxing)
 .debug_str     0x00000996      0x138 ../test_comp_bsp/\libhal_bsp.a(alt_load.o)
                                0x1cd (size before relaxing)
 .debug_str     0x00000ace       0x70 ../test_comp_bsp/\libhal_bsp.a(alt_main.o)
                                0x151 (size before relaxing)
 .debug_str     0x00000b3e       0x4c ../test_comp_bsp/\libhal_bsp.a(alt_putstr.o)
                                0x128 (size before relaxing)
 .debug_str     0x00000b8a       0x27 ../test_comp_bsp/\libhal_bsp.a(alt_usleep.o)
                                0x103 (size before relaxing)
 .debug_str     0x00000bb1       0x2c ../test_comp_bsp/\libhal_bsp.a(alt_write.o)
                                0x17d (size before relaxing)
 .debug_str     0x00000bdd       0x85 ../test_comp_bsp/\libhal_bsp.a(alt_sys_init.o)
                                0x1c6 (size before relaxing)
 .debug_str     0x00000c62       0x4a ../test_comp_bsp/\libhal_bsp.a(altera_avalon_jtag_uart_write.o)
                                0x1c9 (size before relaxing)
 .debug_str     0x00000cac       0x42 ../test_comp_bsp/\libhal_bsp.a(alt_busy_sleep.o)
                                0x126 (size before relaxing)
 .debug_str     0x00000cee       0x34 ../test_comp_bsp/\libhal_bsp.a(alt_dcache_flush_all.o)
                                0x110 (size before relaxing)
 .debug_str     0x00000d22       0x14 ../test_comp_bsp/\libhal_bsp.a(alt_errno.o)
                                0x100 (size before relaxing)
 .debug_str     0x00000d36       0x34 ../test_comp_bsp/\libhal_bsp.a(alt_icache_flush_all.o)
                                0x110 (size before relaxing)
 .debug_str     0x00000d6a       0x31 ../test_comp_bsp/\libhal_bsp.a(altera_nios2_irq.o)
                                0x10d (size before relaxing)

.debug_loc      0x00000000      0xd65
 *(.debug_loc)
 .debug_loc     0x00000000       0x1f obj/default/test_compteur.o
 .debug_loc     0x0000001f       0x8d c:/altera/11.1sp2/nios2eds/bin/gnu/h-i686-mingw32/bin/../lib/gcc/nios2-elf/4.1.2/../../../../nios2-elf/lib/mno-hw-mul\libsmallc.a(lib_a-printf.o)
 .debug_loc     0x000000ac      0x6a6 c:/altera/11.1sp2/nios2eds/bin/gnu/h-i686-mingw32/bin/../lib/gcc/nios2-elf/4.1.2/../../../../nios2-elf/lib/mno-hw-mul\libsmallc.a(lib_a-vfprintf.o)
 .debug_loc     0x00000752      0x162 c:/altera/11.1sp2/nios2eds/bin/gnu/h-i686-mingw32/bin/../lib/gcc/nios2-elf/4.1.2/../../../../nios2-elf/lib/mno-hw-mul\libsmallc.a(lib_a-fvwrite_small_dev.o)
 .debug_loc     0x000008b4       0x1e c:/altera/11.1sp2/nios2eds/bin/gnu/h-i686-mingw32/bin/../lib/gcc/nios2-elf/4.1.2/../../../../nios2-elf/lib/mno-hw-mul\libsmallc.a(lib_a-strlen.o)
 .debug_loc     0x000008d2       0x97 c:/altera/11.1sp2/nios2eds/bin/gnu/h-i686-mingw32/bin/../lib/gcc/nios2-elf/4.1.2/../../../../nios2-elf/lib/mno-hw-mul\libsmallc.a(lib_a-writer.o)
 .debug_loc     0x00000969      0x1d2 c:/altera/11.1sp2/nios2eds/bin/gnu/h-i686-mingw32/bin/../lib/gcc/nios2-elf/4.1.2/mno-hw-mul\libgcc.a(lib2-divmod.o)
 .debug_loc     0x00000b3b       0x4f c:/altera/11.1sp2/nios2eds/bin/gnu/h-i686-mingw32/bin/../lib/gcc/nios2-elf/4.1.2/mno-hw-mul\libgcc.a(lib2-mul.o)
 .debug_loc     0x00000b8a       0x1f ../test_comp_bsp/\libhal_bsp.a(alt_load.o)
 .debug_loc     0x00000ba9       0x1f ../test_comp_bsp/\libhal_bsp.a(alt_main.o)
 .debug_loc     0x00000bc8       0x48 ../test_comp_bsp/\libhal_bsp.a(alt_putstr.o)
 .debug_loc     0x00000c10       0x13 ../test_comp_bsp/\libhal_bsp.a(alt_usleep.o)
 .debug_loc     0x00000c23       0x9a ../test_comp_bsp/\libhal_bsp.a(alt_write.o)
 .debug_loc     0x00000cbd       0x32 ../test_comp_bsp/\libhal_bsp.a(alt_sys_init.o)
 .debug_loc     0x00000cef       0x26 ../test_comp_bsp/\libhal_bsp.a(altera_avalon_jtag_uart_write.o)
 .debug_loc     0x00000d15       0x50 ../test_comp_bsp/\libhal_bsp.a(alt_busy_sleep.o)

.debug_macinfo
 *(.debug_macinfo)

.debug_weaknames
 *(.debug_weaknames)

.debug_funcnames
 *(.debug_funcnames)

.debug_typenames
 *(.debug_typenames)

.debug_varnames
 *(.debug_varnames)

.debug_alt_sim_info
                0x00000000       0x40
 *(.debug_alt_sim_info)
 .debug_alt_sim_info
                0x00000000       0x10 ../test_comp_bsp//obj/HAL/src/crt0.o
 .debug_alt_sim_info
                0x00000010       0x30 ../test_comp_bsp/\libhal_bsp.a(alt_busy_sleep.o)
                0x0000ce20                __alt_data_end = 0xce20
                0x0000ce20                PROVIDE (__alt_stack_pointer, __alt_data_end)
                0x00009000                PROVIDE (__alt_stack_limit, __alt_stack_base)
                0x00009000                PROVIDE (__alt_heap_start, end)
                0x0000ce20                PROVIDE (__alt_heap_limit, 0xce20)
OUTPUT(test_comp.elf elf32-littlenios2)

.debug_ranges   0x00000000       0xc8
 .debug_ranges  0x00000000       0x20 ../test_comp_bsp//obj/HAL/src/crt0.o
 .debug_ranges  0x00000020       0xa8 c:/altera/11.1sp2/nios2eds/bin/gnu/h-i686-mingw32/bin/../lib/gcc/nios2-elf/4.1.2/../../../../nios2-elf/lib/mno-hw-mul\libsmallc.a(lib_a-vfprintf.o)
