Archive member included because of file (symbol)

c:/altera/11.1sp2/nios2eds/bin/gnu/h-i686-mingw32/bin/../lib/gcc/nios2-elf/4.1.2/../../../../nios2-elf/lib/mno-hw-mul\libsmallc.a(lib_a-printf.o)
                              obj/default/hello_world_small.o (printf)
c:/altera/11.1sp2/nios2eds/bin/gnu/h-i686-mingw32/bin/../lib/gcc/nios2-elf/4.1.2/../../../../nios2-elf/lib/mno-hw-mul\libsmallc.a(lib_a-puts.o)
                              obj/default/hello_world_small.o (puts)
c:/altera/11.1sp2/nios2eds/bin/gnu/h-i686-mingw32/bin/../lib/gcc/nios2-elf/4.1.2/../../../../nios2-elf/lib/mno-hw-mul\libsmallc.a(lib_a-strlen.o)
                              c:/altera/11.1sp2/nios2eds/bin/gnu/h-i686-mingw32/bin/../lib/gcc/nios2-elf/4.1.2/../../../../nios2-elf/lib/mno-hw-mul\libsmallc.a(lib_a-puts.o) (strlen)
c:/altera/11.1sp2/nios2eds/bin/gnu/h-i686-mingw32/bin/../lib/gcc/nios2-elf/4.1.2/../../../../nios2-elf/lib/mno-hw-mul\libsmallc.a(lib_a-vfprintf.o)
                              c:/altera/11.1sp2/nios2eds/bin/gnu/h-i686-mingw32/bin/../lib/gcc/nios2-elf/4.1.2/../../../../nios2-elf/lib/mno-hw-mul\libsmallc.a(lib_a-printf.o) (___vfprintf_internal_r)
c:/altera/11.1sp2/nios2eds/bin/gnu/h-i686-mingw32/bin/../lib/gcc/nios2-elf/4.1.2/../../../../nios2-elf/lib/mno-hw-mul\libsmallc.a(lib_a-fvwrite_small_dev.o)
                              c:/altera/11.1sp2/nios2eds/bin/gnu/h-i686-mingw32/bin/../lib/gcc/nios2-elf/4.1.2/../../../../nios2-elf/lib/mno-hw-mul\libsmallc.a(lib_a-printf.o) (__sfvwrite_small_dev)
c:/altera/11.1sp2/nios2eds/bin/gnu/h-i686-mingw32/bin/../lib/gcc/nios2-elf/4.1.2/../../../../nios2-elf/lib/mno-hw-mul\libsmallc.a(lib_a-impure.o)
                              c:/altera/11.1sp2/nios2eds/bin/gnu/h-i686-mingw32/bin/../lib/gcc/nios2-elf/4.1.2/../../../../nios2-elf/lib/mno-hw-mul\libsmallc.a(lib_a-printf.o) (_impure_ptr)
c:/altera/11.1sp2/nios2eds/bin/gnu/h-i686-mingw32/bin/../lib/gcc/nios2-elf/4.1.2/../../../../nios2-elf/lib/mno-hw-mul\libsmallc.a(lib_a-writer.o)
                              c:/altera/11.1sp2/nios2eds/bin/gnu/h-i686-mingw32/bin/../lib/gcc/nios2-elf/4.1.2/../../../../nios2-elf/lib/mno-hw-mul\libsmallc.a(lib_a-fvwrite_small_dev.o) (_write_r)
c:/altera/11.1sp2/nios2eds/bin/gnu/h-i686-mingw32/bin/../lib/gcc/nios2-elf/4.1.2/../../../../nios2-elf/lib/mno-hw-mul\libsmallc.a(lib_a-int_errno.o)
                              c:/altera/11.1sp2/nios2eds/bin/gnu/h-i686-mingw32/bin/../lib/gcc/nios2-elf/4.1.2/../../../../nios2-elf/lib/mno-hw-mul\libsmallc.a(lib_a-writer.o) (errno)
c:/altera/11.1sp2/nios2eds/bin/gnu/h-i686-mingw32/bin/../lib/gcc/nios2-elf/4.1.2/mno-hw-mul\libgcc.a(lib2-divmod.o)
                              c:/altera/11.1sp2/nios2eds/bin/gnu/h-i686-mingw32/bin/../lib/gcc/nios2-elf/4.1.2/../../../../nios2-elf/lib/mno-hw-mul\libsmallc.a(lib_a-vfprintf.o) (__udivsi3)
c:/altera/11.1sp2/nios2eds/bin/gnu/h-i686-mingw32/bin/../lib/gcc/nios2-elf/4.1.2/mno-hw-mul\libgcc.a(lib2-mul.o)
                              c:/altera/11.1sp2/nios2eds/bin/gnu/h-i686-mingw32/bin/../lib/gcc/nios2-elf/4.1.2/../../../../nios2-elf/lib/mno-hw-mul\libsmallc.a(lib_a-vfprintf.o) (__mulsi3)
../test_gst_bouton_bsp/\libhal_bsp.a(alt_load.o)
                              ../test_gst_bouton_bsp//obj/HAL/src/crt0.o (alt_load)
../test_gst_bouton_bsp/\libhal_bsp.a(alt_main.o)
                              ../test_gst_bouton_bsp//obj/HAL/src/crt0.o (alt_main)
../test_gst_bouton_bsp/\libhal_bsp.a(alt_putstr.o)
                              obj/default/hello_world_small.o (alt_putstr)
../test_gst_bouton_bsp/\libhal_bsp.a(alt_usleep.o)
                              obj/default/hello_world_small.o (usleep)
../test_gst_bouton_bsp/\libhal_bsp.a(alt_write.o)
                              c:/altera/11.1sp2/nios2eds/bin/gnu/h-i686-mingw32/bin/../lib/gcc/nios2-elf/4.1.2/../../../../nios2-elf/lib/mno-hw-mul\libsmallc.a(lib_a-writer.o) (write)
../test_gst_bouton_bsp/\libhal_bsp.a(alt_sys_init.o)
                              ../test_gst_bouton_bsp/\libhal_bsp.a(alt_main.o) (alt_sys_init)
../test_gst_bouton_bsp/\libhal_bsp.a(altera_avalon_jtag_uart_write.o)
                              ../test_gst_bouton_bsp/\libhal_bsp.a(alt_putstr.o) (altera_avalon_jtag_uart_write)
../test_gst_bouton_bsp/\libhal_bsp.a(alt_busy_sleep.o)
                              ../test_gst_bouton_bsp/\libhal_bsp.a(alt_usleep.o) (alt_busy_sleep)
../test_gst_bouton_bsp/\libhal_bsp.a(alt_dcache_flush_all.o)
                              ../test_gst_bouton_bsp/\libhal_bsp.a(alt_load.o) (alt_dcache_flush_all)
../test_gst_bouton_bsp/\libhal_bsp.a(alt_errno.o)
                              ../test_gst_bouton_bsp/\libhal_bsp.a(alt_write.o) (alt_errno)
../test_gst_bouton_bsp/\libhal_bsp.a(alt_icache_flush_all.o)
                              ../test_gst_bouton_bsp/\libhal_bsp.a(alt_load.o) (alt_icache_flush_all)
../test_gst_bouton_bsp/\libhal_bsp.a(altera_nios2_irq.o)
                              ../test_gst_bouton_bsp/\libhal_bsp.a(alt_sys_init.o) (altera_nios2_irq_init)

Allocating common symbols
Common symbol       size              file

Code1               0x4               obj/default/hello_world_small.o
errno               0x4               c:/altera/11.1sp2/nios2eds/bin/gnu/h-i686-mingw32/bin/../lib/gcc/nios2-elf/4.1.2/../../../../nios2-elf/lib/mno-hw-mul\libsmallc.a(lib_a-int_errno.o)

Memory Configuration

Name             Origin             Length             Attributes
reset            0x00008000         0x00000020
sram             0x00008020         0x00004e00
*default*        0x00000000         0xffffffff

Linker script and memory map

LOAD ../test_gst_bouton_bsp//obj/HAL/src/crt0.o
                0x0000800c                exit = _exit
LOAD obj/default/hello_world_small.o
LOAD c:/altera/11.1sp2/nios2eds/bin/gnu/h-i686-mingw32/bin/../lib/gcc/nios2-elf/4.1.2/../../../../nios2-elf/lib/mno-hw-mul\libstdc++.a
LOAD c:/altera/11.1sp2/nios2eds/bin/gnu/h-i686-mingw32/bin/../lib/gcc/nios2-elf/4.1.2/../../../../nios2-elf/lib/mno-hw-mul\libm.a
LOAD c:/altera/11.1sp2/nios2eds/bin/gnu/h-i686-mingw32/bin/../lib/gcc/nios2-elf/4.1.2/mno-hw-mul\libgcc.a
START GROUP
LOAD c:/altera/11.1sp2/nios2eds/bin/gnu/h-i686-mingw32/bin/../lib/gcc/nios2-elf/4.1.2/../../../../nios2-elf/lib/mno-hw-mul\libsmallc.a
LOAD c:/altera/11.1sp2/nios2eds/bin/gnu/h-i686-mingw32/bin/../lib/gcc/nios2-elf/4.1.2/mno-hw-mul\libgcc.a
LOAD ../test_gst_bouton_bsp/\libhal_bsp.a
END GROUP
LOAD c:/altera/11.1sp2/nios2eds/bin/gnu/h-i686-mingw32/bin/../lib/gcc/nios2-elf/4.1.2/mno-hw-mul\libgcc.a
                0x00008000                __alt_mem_sram = 0x8000

.entry          0x00008000       0x20
 *(.entry)
 .entry         0x00008000       0x20 ../test_gst_bouton_bsp//obj/HAL/src/crt0.o
                0x00008000                __reset
                0x0000800c                _exit

.exceptions     0x00008020        0x0
                0x00008020                PROVIDE (__ram_exceptions_start, ABSOLUTE (.))
                0x00008020                . = ALIGN (0x20)
 *(.irq)
 *(.exceptions.entry.label)
 *(.exceptions.entry.user)
 *(.exceptions.entry)
 *(.exceptions.irqtest.user)
 *(.exceptions.irqtest)
 *(.exceptions.irqhandler.user)
 *(.exceptions.irqhandler)
 *(.exceptions.irqreturn.user)
 *(.exceptions.irqreturn)
 *(.exceptions.notirq.label)
 *(.exceptions.notirq.user)
 *(.exceptions.notirq)
 *(.exceptions.soft.user)
 *(.exceptions.soft)
 *(.exceptions.unknown.user)
 *(.exceptions.unknown)
 *(.exceptions.exit.label)
 *(.exceptions.exit.user)
 *(.exceptions.exit)
 *(.exceptions)
                0x00008020                PROVIDE (__ram_exceptions_end, ABSOLUTE (.))
                0x00008020                PROVIDE (__flash_exceptions_start, LOADADDR (.exceptions))

.text           0x00008020      0xe64
                0x00008020                PROVIDE (stext, ABSOLUTE (.))
 *(.interp)
 *(.hash)
 *(.dynsym)
 *(.dynstr)
 *(.gnu.version)
 *(.gnu.version_d)
 *(.gnu.version_r)
 *(.rel.init)
 *(.rela.init)
 *(.rel.text .rel.text.* .rel.gnu.linkonce.t.*)
 *(.rela.text .rela.text.* .rela.gnu.linkonce.t.*)
 *(.rel.fini)
 *(.rela.fini)
 *(.rel.rodata .rel.rodata.* .rel.gnu.linkonce.r.*)
 *(.rela.rodata .rela.rodata.* .rela.gnu.linkonce.r.*)
 *(.rel.data .rel.data.* .rel.gnu.linkonce.d.*)
 *(.rela.data .rela.data.* .rela.gnu.linkonce.d.*)
 *(.rel.tdata .rel.tdata.* .rel.gnu.linkonce.td.*)
 *(.rela.tdata .rela.tdata.* .rela.gnu.linkonce.td.*)
 *(.rel.tbss .rel.tbss.* .rel.gnu.linkonce.tb.*)
 *(.rela.tbss .rela.tbss.* .rela.gnu.linkonce.tb.*)
 *(.rel.ctors)
 *(.rela.ctors)
 *(.rel.dtors)
 *(.rela.dtors)
 *(.rel.got)
 *(.rela.got)
 *(.rel.sdata .rel.sdata.* .rel.gnu.linkonce.s.*)
 *(.rela.sdata .rela.sdata.* .rela.gnu.linkonce.s.*)
 *(.rel.sbss .rel.sbss.* .rel.gnu.linkonce.sb.*)
 *(.rela.sbss .rela.sbss.* .rela.gnu.linkonce.sb.*)
 *(.rel.sdata2 .rel.sdata2.* .rel.gnu.linkonce.s2.*)
 *(.rela.sdata2 .rela.sdata2.* .rela.gnu.linkonce.s2.*)
 *(.rel.sbss2 .rel.sbss2.* .rel.gnu.linkonce.sb2.*)
 *(.rela.sbss2 .rela.sbss2.* .rela.gnu.linkonce.sb2.*)
 *(.rel.bss .rel.bss.* .rel.gnu.linkonce.b.*)
 *(.rela.bss .rela.bss.* .rela.gnu.linkonce.b.*)
 *(.rel.plt)
 *(.rela.plt)
 *(.rel.dyn)
 *(.init)
 *(.plt)
 *(.text .stub .text.* .gnu.linkonce.t.*)
 .text          0x00008020       0x3c ../test_gst_bouton_bsp//obj/HAL/src/crt0.o
                0x00008020                _start
 .text          0x0000805c      0x110 obj/default/hello_world_small.o
                0x0000805c                main
 .text          0x0000816c       0x98 c:/altera/11.1sp2/nios2eds/bin/gnu/h-i686-mingw32/bin/../lib/gcc/nios2-elf/4.1.2/../../../../nios2-elf/lib/mno-hw-mul\libsmallc.a(lib_a-printf.o)
                0x0000816c                printf
                0x000081c0                _printf_r
 .text          0x00008204       0xa4 c:/altera/11.1sp2/nios2eds/bin/gnu/h-i686-mingw32/bin/../lib/gcc/nios2-elf/4.1.2/../../../../nios2-elf/lib/mno-hw-mul\libsmallc.a(lib_a-puts.o)
                0x00008204                _puts_r
                0x00008294                puts
 .text          0x000082a8       0x20 c:/altera/11.1sp2/nios2eds/bin/gnu/h-i686-mingw32/bin/../lib/gcc/nios2-elf/4.1.2/../../../../nios2-elf/lib/mno-hw-mul\libsmallc.a(lib_a-strlen.o)
                0x000082a8                strlen
 .text          0x000082c8      0x6a4 c:/altera/11.1sp2/nios2eds/bin/gnu/h-i686-mingw32/bin/../lib/gcc/nios2-elf/4.1.2/../../../../nios2-elf/lib/mno-hw-mul\libsmallc.a(lib_a-vfprintf.o)
                0x00008348                ___vfprintf_internal_r
                0x00008948                __vfprintf_internal
 .text          0x0000896c       0xbc c:/altera/11.1sp2/nios2eds/bin/gnu/h-i686-mingw32/bin/../lib/gcc/nios2-elf/4.1.2/../../../../nios2-elf/lib/mno-hw-mul\libsmallc.a(lib_a-fvwrite_small_dev.o)
                0x0000896c                __sfvwrite_small_dev
 .text          0x00008a28        0x0 c:/altera/11.1sp2/nios2eds/bin/gnu/h-i686-mingw32/bin/../lib/gcc/nios2-elf/4.1.2/../../../../nios2-elf/lib/mno-hw-mul\libsmallc.a(lib_a-impure.o)
 .text          0x00008a28       0x78 c:/altera/11.1sp2/nios2eds/bin/gnu/h-i686-mingw32/bin/../lib/gcc/nios2-elf/4.1.2/../../../../nios2-elf/lib/mno-hw-mul\libsmallc.a(lib_a-writer.o)
                0x00008a28                _write_r
 .text          0x00008aa0        0x0 c:/altera/11.1sp2/nios2eds/bin/gnu/h-i686-mingw32/bin/../lib/gcc/nios2-elf/4.1.2/../../../../nios2-elf/lib/mno-hw-mul\libsmallc.a(lib_a-int_errno.o)
 .text          0x00008aa0      0x14c c:/altera/11.1sp2/nios2eds/bin/gnu/h-i686-mingw32/bin/../lib/gcc/nios2-elf/4.1.2/mno-hw-mul\libgcc.a(lib2-divmod.o)
                0x00008b1c                __divsi3
                0x00008b7c                __modsi3
                0x00008bdc                __udivsi3
                0x00008be4                __umodsi3
 .text          0x00008bec       0x38 c:/altera/11.1sp2/nios2eds/bin/gnu/h-i686-mingw32/bin/../lib/gcc/nios2-elf/4.1.2/mno-hw-mul\libgcc.a(lib2-mul.o)
                0x00008bec                __mulsi3
 .text          0x00008c24       0x8c ../test_gst_bouton_bsp/\libhal_bsp.a(alt_load.o)
                0x00008c44                alt_load
 .text          0x00008cb0       0x2c ../test_gst_bouton_bsp/\libhal_bsp.a(alt_main.o)
                0x00008cb0                alt_main
 .text          0x00008cdc       0x38 ../test_gst_bouton_bsp/\libhal_bsp.a(alt_putstr.o)
                0x00008cdc                alt_putstr
 .text          0x00008d14        0x4 ../test_gst_bouton_bsp/\libhal_bsp.a(alt_usleep.o)
                0x00008d14                usleep
 .text          0x00008d18       0x78 ../test_gst_bouton_bsp/\libhal_bsp.a(alt_write.o)
                0x00008d18                write
 .text          0x00008d90       0x24 ../test_gst_bouton_bsp/\libhal_bsp.a(alt_sys_init.o)
                0x00008d90                alt_sys_init
                0x00008d94                alt_irq_init
 .text          0x00008db4       0x34 ../test_gst_bouton_bsp/\libhal_bsp.a(altera_avalon_jtag_uart_write.o)
                0x00008db4                altera_avalon_jtag_uart_write
 .text          0x00008de8       0x8c ../test_gst_bouton_bsp/\libhal_bsp.a(alt_busy_sleep.o)
                0x00008de8                alt_busy_sleep
 .text          0x00008e74        0x4 ../test_gst_bouton_bsp/\libhal_bsp.a(alt_dcache_flush_all.o)
                0x00008e74                alt_dcache_flush_all
 .text          0x00008e78        0x0 ../test_gst_bouton_bsp/\libhal_bsp.a(alt_errno.o)
 .text          0x00008e78        0x4 ../test_gst_bouton_bsp/\libhal_bsp.a(alt_icache_flush_all.o)
                0x00008e78                alt_icache_flush_all
 .text          0x00008e7c        0x8 ../test_gst_bouton_bsp/\libhal_bsp.a(altera_nios2_irq.o)
                0x00008e7c                altera_nios2_irq_init
 *(.gnu.warning.*)
 *(.fini)
                0x00008e84                PROVIDE (__etext, ABSOLUTE (.))
                0x00008e84                PROVIDE (_etext, ABSOLUTE (.))
                0x00008e84                PROVIDE (etext, ABSOLUTE (.))
 *(.eh_frame_hdr)
                0x00008e84                . = ALIGN (0x4)
                0x00008e84                PROVIDE (__preinit_array_start, ABSOLUTE (.))
 *(.preinit_array)
                0x00008e84                PROVIDE (__preinit_array_end, ABSOLUTE (.))
                0x00008e84                PROVIDE (__init_array_start, ABSOLUTE (.))
 *(.init_array)
                0x00008e84                PROVIDE (__init_array_end, ABSOLUTE (.))
                0x00008e84                PROVIDE (__fini_array_start, ABSOLUTE (.))
 *(.fini_array)
                0x00008e84                PROVIDE (__fini_array_end, ABSOLUTE (.))
 *(.eh_frame)
 *(.gcc_except_table)
 *(.dynamic)
                0x00008e84                PROVIDE (__CTOR_LIST__, ABSOLUTE (.))
 *(.ctors)
 *(SORT(.ctors.*))
                0x00008e84                PROVIDE (__CTOR_END__, ABSOLUTE (.))
                0x00008e84                PROVIDE (__DTOR_LIST__, ABSOLUTE (.))
 *(.dtors)
 *(SORT(.dtors.*))
                0x00008e84                PROVIDE (__DTOR_END__, ABSOLUTE (.))
 *(.jcr)
                0x00008e84                . = ALIGN (0x4)

.rodata         0x00008e84       0xe4
                0x00008e84                PROVIDE (__ram_rodata_start, ABSOLUTE (.))
                0x00008e84                . = ALIGN (0x4)
 *(.rodata .rodata.* .gnu.linkonce.r.*)
 .rodata.str1.4
                0x00008e84       0xdd obj/default/hello_world_small.o
                                 0xe0 (size before relaxing)
 *fill*         0x00008f61        0x3 00
 .rodata.str1.4
                0x00008f64        0x4 c:/altera/11.1sp2/nios2eds/bin/gnu/h-i686-mingw32/bin/../lib/gcc/nios2-elf/4.1.2/../../../../nios2-elf/lib/mno-hw-mul\libsmallc.a(lib_a-puts.o)
 *(.rodata1)
                0x00008f68                . = ALIGN (0x4)
                0x00008f68                PROVIDE (__ram_rodata_end, ABSOLUTE (.))
                0x00008e84                PROVIDE (__flash_rodata_start, LOADADDR (.rodata))

.rwdata         0x00008f68       0xf0 load address 0x00009058
                0x00008f68                PROVIDE (__ram_rwdata_start, ABSOLUTE (.))
                0x00008f68                . = ALIGN (0x4)
 *(.got.plt)
 *(.got)
 *(.data1)
 *(.data .data.* .gnu.linkonce.d.*)
 .data          0x00008f68        0x0 ../test_gst_bouton_bsp//obj/HAL/src/crt0.o
 .data          0x00008f68        0x0 obj/default/hello_world_small.o
 .data          0x00008f68        0x0 c:/altera/11.1sp2/nios2eds/bin/gnu/h-i686-mingw32/bin/../lib/gcc/nios2-elf/4.1.2/../../../../nios2-elf/lib/mno-hw-mul\libsmallc.a(lib_a-printf.o)
 .data          0x00008f68        0x0 c:/altera/11.1sp2/nios2eds/bin/gnu/h-i686-mingw32/bin/../lib/gcc/nios2-elf/4.1.2/../../../../nios2-elf/lib/mno-hw-mul\libsmallc.a(lib_a-puts.o)
 .data          0x00008f68        0x0 c:/altera/11.1sp2/nios2eds/bin/gnu/h-i686-mingw32/bin/../lib/gcc/nios2-elf/4.1.2/../../../../nios2-elf/lib/mno-hw-mul\libsmallc.a(lib_a-strlen.o)
 .data          0x00008f68        0x0 c:/altera/11.1sp2/nios2eds/bin/gnu/h-i686-mingw32/bin/../lib/gcc/nios2-elf/4.1.2/../../../../nios2-elf/lib/mno-hw-mul\libsmallc.a(lib_a-vfprintf.o)
 .data          0x00008f68        0x0 c:/altera/11.1sp2/nios2eds/bin/gnu/h-i686-mingw32/bin/../lib/gcc/nios2-elf/4.1.2/../../../../nios2-elf/lib/mno-hw-mul\libsmallc.a(lib_a-fvwrite_small_dev.o)
 .data          0x00008f68       0xe0 c:/altera/11.1sp2/nios2eds/bin/gnu/h-i686-mingw32/bin/../lib/gcc/nios2-elf/4.1.2/../../../../nios2-elf/lib/mno-hw-mul\libsmallc.a(lib_a-impure.o)
 .data          0x00009048        0x0 c:/altera/11.1sp2/nios2eds/bin/gnu/h-i686-mingw32/bin/../lib/gcc/nios2-elf/4.1.2/../../../../nios2-elf/lib/mno-hw-mul\libsmallc.a(lib_a-writer.o)
 .data          0x00009048        0x0 c:/altera/11.1sp2/nios2eds/bin/gnu/h-i686-mingw32/bin/../lib/gcc/nios2-elf/4.1.2/../../../../nios2-elf/lib/mno-hw-mul\libsmallc.a(lib_a-int_errno.o)
 .data          0x00009048        0x0 c:/altera/11.1sp2/nios2eds/bin/gnu/h-i686-mingw32/bin/../lib/gcc/nios2-elf/4.1.2/mno-hw-mul\libgcc.a(lib2-divmod.o)
 .data          0x00009048        0x0 c:/altera/11.1sp2/nios2eds/bin/gnu/h-i686-mingw32/bin/../lib/gcc/nios2-elf/4.1.2/mno-hw-mul\libgcc.a(lib2-mul.o)
 .data          0x00009048        0x0 ../test_gst_bouton_bsp/\libhal_bsp.a(alt_load.o)
 .data          0x00009048        0x0 ../test_gst_bouton_bsp/\libhal_bsp.a(alt_main.o)
 .data          0x00009048        0x0 ../test_gst_bouton_bsp/\libhal_bsp.a(alt_putstr.o)
 .data          0x00009048        0x0 ../test_gst_bouton_bsp/\libhal_bsp.a(alt_usleep.o)
 .data          0x00009048        0x0 ../test_gst_bouton_bsp/\libhal_bsp.a(alt_write.o)
 .data          0x00009048        0x0 ../test_gst_bouton_bsp/\libhal_bsp.a(alt_sys_init.o)
 .data          0x00009048        0x0 ../test_gst_bouton_bsp/\libhal_bsp.a(altera_avalon_jtag_uart_write.o)
 .data          0x00009048        0x0 ../test_gst_bouton_bsp/\libhal_bsp.a(alt_busy_sleep.o)
 .data          0x00009048        0x0 ../test_gst_bouton_bsp/\libhal_bsp.a(alt_dcache_flush_all.o)
 .data          0x00009048        0x0 ../test_gst_bouton_bsp/\libhal_bsp.a(alt_errno.o)
 .data          0x00009048        0x0 ../test_gst_bouton_bsp/\libhal_bsp.a(alt_icache_flush_all.o)
 .data          0x00009048        0x0 ../test_gst_bouton_bsp/\libhal_bsp.a(altera_nios2_irq.o)
                0x00011048                _gp = ABSOLUTE ((. + 0x8000))
                0x00011048                PROVIDE (gp, _gp)
 *(.rwdata .rwdata.*)
 *(.sdata .sdata.* .gnu.linkonce.s.*)
 .sdata         0x00009048        0x8 c:/altera/11.1sp2/nios2eds/bin/gnu/h-i686-mingw32/bin/../lib/gcc/nios2-elf/4.1.2/../../../../nios2-elf/lib/mno-hw-mul\libsmallc.a(lib_a-impure.o)
                0x00009048                _impure_ptr
                0x0000904c                _global_impure_ptr
 .sdata         0x00009050        0x4 ../test_gst_bouton_bsp/\libhal_bsp.a(alt_sys_init.o)
                0x00009050                jtag_uart_0
 .sdata         0x00009054        0x4 ../test_gst_bouton_bsp/\libhal_bsp.a(alt_errno.o)
                0x00009054                alt_errno
 *(.sdata2 .sdata2.* .gnu.linkonce.s2.*)
                0x00009058                . = ALIGN (0x4)
                0x00009058                _edata = ABSOLUTE (.)
                0x00009058                PROVIDE (edata, ABSOLUTE (.))
                0x00009058                PROVIDE (__ram_rwdata_end, ABSOLUTE (.))
                0x00009058                PROVIDE (__flash_rwdata_start, LOADADDR (.rwdata))

.bss            0x00009148       0x14
                0x00009148                __bss_start = ABSOLUTE (.)
                0x00009148                PROVIDE (__sbss_start, ABSOLUTE (.))
                0x00009148                PROVIDE (___sbss_start, ABSOLUTE (.))
 *(.dynsbss)
 *(.sbss .sbss.* .gnu.linkonce.sb.*)
 .sbss          0x00009148        0x4 obj/default/hello_world_small.o
                0x00009148                Code1
 .sbss          0x0000914c        0x4 c:/altera/11.1sp2/nios2eds/bin/gnu/h-i686-mingw32/bin/../lib/gcc/nios2-elf/4.1.2/../../../../nios2-elf/lib/mno-hw-mul\libsmallc.a(lib_a-int_errno.o)
                0x0000914c                errno
 .sbss          0x00009150        0xc ../test_gst_bouton_bsp/\libhal_bsp.a(alt_main.o)
                0x00009150                alt_argc
                0x00009154                alt_argv
                0x00009158                alt_envp
 *(.sbss2 .sbss2.* .gnu.linkonce.sb2.*)
 *(.scommon)
                0x0000915c                PROVIDE (__sbss_end, ABSOLUTE (.))
                0x0000915c                PROVIDE (___sbss_end, ABSOLUTE (.))
 *(.dynbss)
 *(.bss .bss.* .gnu.linkonce.b.*)
 .bss           0x0000915c        0x0 ../test_gst_bouton_bsp//obj/HAL/src/crt0.o
 .bss           0x0000915c        0x0 obj/default/hello_world_small.o
 .bss           0x0000915c        0x0 c:/altera/11.1sp2/nios2eds/bin/gnu/h-i686-mingw32/bin/../lib/gcc/nios2-elf/4.1.2/../../../../nios2-elf/lib/mno-hw-mul\libsmallc.a(lib_a-printf.o)
 .bss           0x0000915c        0x0 c:/altera/11.1sp2/nios2eds/bin/gnu/h-i686-mingw32/bin/../lib/gcc/nios2-elf/4.1.2/../../../../nios2-elf/lib/mno-hw-mul\libsmallc.a(lib_a-puts.o)
 .bss           0x0000915c        0x0 c:/altera/11.1sp2/nios2eds/bin/gnu/h-i686-mingw32/bin/../lib/gcc/nios2-elf/4.1.2/../../../../nios2-elf/lib/mno-hw-mul\libsmallc.a(lib_a-strlen.o)
 .bss           0x0000915c        0x0 c:/altera/11.1sp2/nios2eds/bin/gnu/h-i686-mingw32/bin/../lib/gcc/nios2-elf/4.1.2/../../../../nios2-elf/lib/mno-hw-mul\libsmallc.a(lib_a-vfprintf.o)
 .bss           0x0000915c        0x0 c:/altera/11.1sp2/nios2eds/bin/gnu/h-i686-mingw32/bin/../lib/gcc/nios2-elf/4.1.2/../../../../nios2-elf/lib/mno-hw-mul\libsmallc.a(lib_a-fvwrite_small_dev.o)
 .bss           0x0000915c        0x0 c:/altera/11.1sp2/nios2eds/bin/gnu/h-i686-mingw32/bin/../lib/gcc/nios2-elf/4.1.2/../../../../nios2-elf/lib/mno-hw-mul\libsmallc.a(lib_a-impure.o)
 .bss           0x0000915c        0x0 c:/altera/11.1sp2/nios2eds/bin/gnu/h-i686-mingw32/bin/../lib/gcc/nios2-elf/4.1.2/../../../../nios2-elf/lib/mno-hw-mul\libsmallc.a(lib_a-writer.o)
 .bss           0x0000915c        0x0 c:/altera/11.1sp2/nios2eds/bin/gnu/h-i686-mingw32/bin/../lib/gcc/nios2-elf/4.1.2/../../../../nios2-elf/lib/mno-hw-mul\libsmallc.a(lib_a-int_errno.o)
 .bss           0x0000915c        0x0 c:/altera/11.1sp2/nios2eds/bin/gnu/h-i686-mingw32/bin/../lib/gcc/nios2-elf/4.1.2/mno-hw-mul\libgcc.a(lib2-divmod.o)
 .bss           0x0000915c        0x0 c:/altera/11.1sp2/nios2eds/bin/gnu/h-i686-mingw32/bin/../lib/gcc/nios2-elf/4.1.2/mno-hw-mul\libgcc.a(lib2-mul.o)
 .bss           0x0000915c        0x0 ../test_gst_bouton_bsp/\libhal_bsp.a(alt_load.o)
 .bss           0x0000915c        0x0 ../test_gst_bouton_bsp/\libhal_bsp.a(alt_main.o)
 .bss           0x0000915c        0x0 ../test_gst_bouton_bsp/\libhal_bsp.a(alt_putstr.o)
 .bss           0x0000915c        0x0 ../test_gst_bouton_bsp/\libhal_bsp.a(alt_usleep.o)
 .bss           0x0000915c        0x0 ../test_gst_bouton_bsp/\libhal_bsp.a(alt_write.o)
 .bss           0x0000915c        0x0 ../test_gst_bouton_bsp/\libhal_bsp.a(alt_sys_init.o)
 .bss           0x0000915c        0x0 ../test_gst_bouton_bsp/\libhal_bsp.a(altera_avalon_jtag_uart_write.o)
 .bss           0x0000915c        0x0 ../test_gst_bouton_bsp/\libhal_bsp.a(alt_busy_sleep.o)
 .bss           0x0000915c        0x0 ../test_gst_bouton_bsp/\libhal_bsp.a(alt_dcache_flush_all.o)
 .bss           0x0000915c        0x0 ../test_gst_bouton_bsp/\libhal_bsp.a(alt_errno.o)
 .bss           0x0000915c        0x0 ../test_gst_bouton_bsp/\libhal_bsp.a(alt_icache_flush_all.o)
 .bss           0x0000915c        0x0 ../test_gst_bouton_bsp/\libhal_bsp.a(altera_nios2_irq.o)
 *(COMMON)
                0x0000915c                . = ALIGN (0x4)
                0x0000915c                __bss_end = ABSOLUTE (.)

.sram           0x0000915c        0x0
                0x0000915c                PROVIDE (_alt_partition_sram_start, ABSOLUTE (.))
 *(.sram. sram.*)
                0x0000915c                . = ALIGN (0x4)
                0x0000915c                PROVIDE (_alt_partition_sram_end, ABSOLUTE (.))
                0x0000915c                _end = ABSOLUTE (.)
                0x0000915c                end = ABSOLUTE (.)
                0x0000915c                __alt_stack_base = ABSOLUTE (.)
                0x0000915c                PROVIDE (_alt_partition_sram_load_addr, LOADADDR (.sram))

.stab
 *(.stab)

.stabstr
 *(.stabstr)

.stab.excl
 *(.stab.excl)

.stab.exclstr
 *(.stab.exclstr)

.stab.index
 *(.stab.index)

.stab.indexstr
 *(.stab.indexstr)

.comment        0x00000000       0x26
 *(.comment)
 .comment       0x00000000       0x26 obj/default/hello_world_small.o
                                 0x27 (size before relaxing)
 .comment       0x00000000       0x27 c:/altera/11.1sp2/nios2eds/bin/gnu/h-i686-mingw32/bin/../lib/gcc/nios2-elf/4.1.2/../../../../nios2-elf/lib/mno-hw-mul\libsmallc.a(lib_a-printf.o)
 .comment       0x00000000       0x27 c:/altera/11.1sp2/nios2eds/bin/gnu/h-i686-mingw32/bin/../lib/gcc/nios2-elf/4.1.2/../../../../nios2-elf/lib/mno-hw-mul\libsmallc.a(lib_a-puts.o)
 .comment       0x00000000       0x27 c:/altera/11.1sp2/nios2eds/bin/gnu/h-i686-mingw32/bin/../lib/gcc/nios2-elf/4.1.2/../../../../nios2-elf/lib/mno-hw-mul\libsmallc.a(lib_a-strlen.o)
 .comment       0x00000000       0x27 c:/altera/11.1sp2/nios2eds/bin/gnu/h-i686-mingw32/bin/../lib/gcc/nios2-elf/4.1.2/../../../../nios2-elf/lib/mno-hw-mul\libsmallc.a(lib_a-vfprintf.o)
 .comment       0x00000000       0x27 c:/altera/11.1sp2/nios2eds/bin/gnu/h-i686-mingw32/bin/../lib/gcc/nios2-elf/4.1.2/../../../../nios2-elf/lib/mno-hw-mul\libsmallc.a(lib_a-fvwrite_small_dev.o)
 .comment       0x00000000       0x27 c:/altera/11.1sp2/nios2eds/bin/gnu/h-i686-mingw32/bin/../lib/gcc/nios2-elf/4.1.2/../../../../nios2-elf/lib/mno-hw-mul\libsmallc.a(lib_a-impure.o)
 .comment       0x00000000       0x27 c:/altera/11.1sp2/nios2eds/bin/gnu/h-i686-mingw32/bin/../lib/gcc/nios2-elf/4.1.2/../../../../nios2-elf/lib/mno-hw-mul\libsmallc.a(lib_a-writer.o)
 .comment       0x00000000       0x27 c:/altera/11.1sp2/nios2eds/bin/gnu/h-i686-mingw32/bin/../lib/gcc/nios2-elf/4.1.2/../../../../nios2-elf/lib/mno-hw-mul\libsmallc.a(lib_a-int_errno.o)
 .comment       0x00000000       0x27 c:/altera/11.1sp2/nios2eds/bin/gnu/h-i686-mingw32/bin/../lib/gcc/nios2-elf/4.1.2/mno-hw-mul\libgcc.a(lib2-divmod.o)
 .comment       0x00000000       0x27 c:/altera/11.1sp2/nios2eds/bin/gnu/h-i686-mingw32/bin/../lib/gcc/nios2-elf/4.1.2/mno-hw-mul\libgcc.a(lib2-mul.o)
 .comment       0x00000000       0x27 ../test_gst_bouton_bsp/\libhal_bsp.a(alt_load.o)
 .comment       0x00000000       0x27 ../test_gst_bouton_bsp/\libhal_bsp.a(alt_main.o)
 .comment       0x00000000       0x27 ../test_gst_bouton_bsp/\libhal_bsp.a(alt_putstr.o)
 .comment       0x00000000       0x27 ../test_gst_bouton_bsp/\libhal_bsp.a(alt_usleep.o)
 .comment       0x00000000       0x27 ../test_gst_bouton_bsp/\libhal_bsp.a(alt_write.o)
 .comment       0x00000000       0x27 ../test_gst_bouton_bsp/\libhal_bsp.a(alt_sys_init.o)
 .comment       0x00000000       0x27 ../test_gst_bouton_bsp/\libhal_bsp.a(altera_avalon_jtag_uart_write.o)
 .comment       0x00000000       0x27 ../test_gst_bouton_bsp/\libhal_bsp.a(alt_busy_sleep.o)
 .comment       0x00000000       0x27 ../test_gst_bouton_bsp/\libhal_bsp.a(alt_dcache_flush_all.o)
 .comment       0x00000000       0x27 ../test_gst_bouton_bsp/\libhal_bsp.a(alt_errno.o)
 .comment       0x00000000       0x27 ../test_gst_bouton_bsp/\libhal_bsp.a(alt_icache_flush_all.o)
 .comment       0x00000000       0x27 ../test_gst_bouton_bsp/\libhal_bsp.a(altera_nios2_irq.o)

.debug
 *(.debug)

.line
 *(.line)

.debug_srcinfo
 *(.debug_srcinfo)

.debug_sfnames
 *(.debug_sfnames)

.debug_aranges  0x00000000      0x2a8
 *(.debug_aranges)
 .debug_aranges
                0x00000000       0x28 ../test_gst_bouton_bsp//obj/HAL/src/crt0.o
 .debug_aranges
                0x00000028       0x20 obj/default/hello_world_small.o
 .debug_aranges
                0x00000048       0x20 c:/altera/11.1sp2/nios2eds/bin/gnu/h-i686-mingw32/bin/../lib/gcc/nios2-elf/4.1.2/../../../../nios2-elf/lib/mno-hw-mul\libsmallc.a(lib_a-printf.o)
 .debug_aranges
                0x00000068       0x20 c:/altera/11.1sp2/nios2eds/bin/gnu/h-i686-mingw32/bin/../lib/gcc/nios2-elf/4.1.2/../../../../nios2-elf/lib/mno-hw-mul\libsmallc.a(lib_a-puts.o)
 .debug_aranges
                0x00000088       0x20 c:/altera/11.1sp2/nios2eds/bin/gnu/h-i686-mingw32/bin/../lib/gcc/nios2-elf/4.1.2/../../../../nios2-elf/lib/mno-hw-mul\libsmallc.a(lib_a-strlen.o)
 .debug_aranges
                0x000000a8       0x20 c:/altera/11.1sp2/nios2eds/bin/gnu/h-i686-mingw32/bin/../lib/gcc/nios2-elf/4.1.2/../../../../nios2-elf/lib/mno-hw-mul\libsmallc.a(lib_a-vfprintf.o)
 .debug_aranges
                0x000000c8       0x20 c:/altera/11.1sp2/nios2eds/bin/gnu/h-i686-mingw32/bin/../lib/gcc/nios2-elf/4.1.2/../../../../nios2-elf/lib/mno-hw-mul\libsmallc.a(lib_a-fvwrite_small_dev.o)
 .debug_aranges
                0x000000e8       0x20 c:/altera/11.1sp2/nios2eds/bin/gnu/h-i686-mingw32/bin/../lib/gcc/nios2-elf/4.1.2/../../../../nios2-elf/lib/mno-hw-mul\libsmallc.a(lib_a-writer.o)
 .debug_aranges
                0x00000108       0x20 c:/altera/11.1sp2/nios2eds/bin/gnu/h-i686-mingw32/bin/../lib/gcc/nios2-elf/4.1.2/mno-hw-mul\libgcc.a(lib2-divmod.o)
 .debug_aranges
                0x00000128       0x20 c:/altera/11.1sp2/nios2eds/bin/gnu/h-i686-mingw32/bin/../lib/gcc/nios2-elf/4.1.2/mno-hw-mul\libgcc.a(lib2-mul.o)
 .debug_aranges
                0x00000148       0x20 ../test_gst_bouton_bsp/\libhal_bsp.a(alt_load.o)
 .debug_aranges
                0x00000168       0x20 ../test_gst_bouton_bsp/\libhal_bsp.a(alt_main.o)
 .debug_aranges
                0x00000188       0x20 ../test_gst_bouton_bsp/\libhal_bsp.a(alt_putstr.o)
 .debug_aranges
                0x000001a8       0x20 ../test_gst_bouton_bsp/\libhal_bsp.a(alt_usleep.o)
 .debug_aranges
                0x000001c8       0x20 ../test_gst_bouton_bsp/\libhal_bsp.a(alt_write.o)
 .debug_aranges
                0x000001e8       0x20 ../test_gst_bouton_bsp/\libhal_bsp.a(alt_sys_init.o)
 .debug_aranges
                0x00000208       0x20 ../test_gst_bouton_bsp/\libhal_bsp.a(altera_avalon_jtag_uart_write.o)
 .debug_aranges
                0x00000228       0x20 ../test_gst_bouton_bsp/\libhal_bsp.a(alt_busy_sleep.o)
 .debug_aranges
                0x00000248       0x20 ../test_gst_bouton_bsp/\libhal_bsp.a(alt_dcache_flush_all.o)
 .debug_aranges
                0x00000268       0x20 ../test_gst_bouton_bsp/\libhal_bsp.a(alt_icache_flush_all.o)
 .debug_aranges
                0x00000288       0x20 ../test_gst_bouton_bsp/\libhal_bsp.a(altera_nios2_irq.o)

.debug_pubnames
                0x00000000      0x3dd
 *(.debug_pubnames)
 .debug_pubnames
                0x00000000       0x25 obj/default/hello_world_small.o
 .debug_pubnames
                0x00000025       0x2b c:/altera/11.1sp2/nios2eds/bin/gnu/h-i686-mingw32/bin/../lib/gcc/nios2-elf/4.1.2/../../../../nios2-elf/lib/mno-hw-mul\libsmallc.a(lib_a-printf.o)
 .debug_pubnames
                0x00000050       0x27 c:/altera/11.1sp2/nios2eds/bin/gnu/h-i686-mingw32/bin/../lib/gcc/nios2-elf/4.1.2/../../../../nios2-elf/lib/mno-hw-mul\libsmallc.a(lib_a-puts.o)
 .debug_pubnames
                0x00000077       0x1d c:/altera/11.1sp2/nios2eds/bin/gnu/h-i686-mingw32/bin/../lib/gcc/nios2-elf/4.1.2/../../../../nios2-elf/lib/mno-hw-mul\libsmallc.a(lib_a-strlen.o)
 .debug_pubnames
                0x00000094       0x45 c:/altera/11.1sp2/nios2eds/bin/gnu/h-i686-mingw32/bin/../lib/gcc/nios2-elf/4.1.2/../../../../nios2-elf/lib/mno-hw-mul\libsmallc.a(lib_a-vfprintf.o)
 .debug_pubnames
                0x000000d9       0x2b c:/altera/11.1sp2/nios2eds/bin/gnu/h-i686-mingw32/bin/../lib/gcc/nios2-elf/4.1.2/../../../../nios2-elf/lib/mno-hw-mul\libsmallc.a(lib_a-fvwrite_small_dev.o)
 .debug_pubnames
                0x00000104       0x39 c:/altera/11.1sp2/nios2eds/bin/gnu/h-i686-mingw32/bin/../lib/gcc/nios2-elf/4.1.2/../../../../nios2-elf/lib/mno-hw-mul\libsmallc.a(lib_a-impure.o)
 .debug_pubnames
                0x0000013d       0x1f c:/altera/11.1sp2/nios2eds/bin/gnu/h-i686-mingw32/bin/../lib/gcc/nios2-elf/4.1.2/../../../../nios2-elf/lib/mno-hw-mul\libsmallc.a(lib_a-writer.o)
 .debug_pubnames
                0x0000015c       0x1c c:/altera/11.1sp2/nios2eds/bin/gnu/h-i686-mingw32/bin/../lib/gcc/nios2-elf/4.1.2/../../../../nios2-elf/lib/mno-hw-mul\libsmallc.a(lib_a-int_errno.o)
 .debug_pubnames
                0x00000178       0x48 c:/altera/11.1sp2/nios2eds/bin/gnu/h-i686-mingw32/bin/../lib/gcc/nios2-elf/4.1.2/mno-hw-mul\libgcc.a(lib2-divmod.o)
 .debug_pubnames
                0x000001c0       0x1f c:/altera/11.1sp2/nios2eds/bin/gnu/h-i686-mingw32/bin/../lib/gcc/nios2-elf/4.1.2/mno-hw-mul\libgcc.a(lib2-mul.o)
 .debug_pubnames
                0x000001df       0x1f ../test_gst_bouton_bsp/\libhal_bsp.a(alt_load.o)
 .debug_pubnames
                0x000001fe       0x46 ../test_gst_bouton_bsp/\libhal_bsp.a(alt_main.o)
 .debug_pubnames
                0x00000244       0x21 ../test_gst_bouton_bsp/\libhal_bsp.a(alt_putstr.o)
 .debug_pubnames
                0x00000265       0x1d ../test_gst_bouton_bsp/\libhal_bsp.a(alt_usleep.o)
 .debug_pubnames
                0x00000282       0x1c ../test_gst_bouton_bsp/\libhal_bsp.a(alt_write.o)
 .debug_pubnames
                0x0000029e       0x44 ../test_gst_bouton_bsp/\libhal_bsp.a(alt_sys_init.o)
 .debug_pubnames
                0x000002e2       0x34 ../test_gst_bouton_bsp/\libhal_bsp.a(altera_avalon_jtag_uart_write.o)
 .debug_pubnames
                0x00000316       0x25 ../test_gst_bouton_bsp/\libhal_bsp.a(alt_busy_sleep.o)
 .debug_pubnames
                0x0000033b       0x2b ../test_gst_bouton_bsp/\libhal_bsp.a(alt_dcache_flush_all.o)
 .debug_pubnames
                0x00000366       0x20 ../test_gst_bouton_bsp/\libhal_bsp.a(alt_errno.o)
 .debug_pubnames
                0x00000386       0x2b ../test_gst_bouton_bsp/\libhal_bsp.a(alt_icache_flush_all.o)
 .debug_pubnames
                0x000003b1       0x2c ../test_gst_bouton_bsp/\libhal_bsp.a(altera_nios2_irq.o)

.debug_info     0x00000000     0x3adc
 *(.debug_info .gnu.linkonce.wi.*)
 .debug_info    0x00000000       0x88 ../test_gst_bouton_bsp//obj/HAL/src/crt0.o
 .debug_info    0x00000088       0xa4 obj/default/hello_world_small.o
 .debug_info    0x0000012c      0x6c8 c:/altera/11.1sp2/nios2eds/bin/gnu/h-i686-mingw32/bin/../lib/gcc/nios2-elf/4.1.2/../../../../nios2-elf/lib/mno-hw-mul\libsmallc.a(lib_a-printf.o)
 .debug_info    0x000007f4      0x685 c:/altera/11.1sp2/nios2eds/bin/gnu/h-i686-mingw32/bin/../lib/gcc/nios2-elf/4.1.2/../../../../nios2-elf/lib/mno-hw-mul\libsmallc.a(lib_a-puts.o)
 .debug_info    0x00000e79       0xc2 c:/altera/11.1sp2/nios2eds/bin/gnu/h-i686-mingw32/bin/../lib/gcc/nios2-elf/4.1.2/../../../../nios2-elf/lib/mno-hw-mul\libsmallc.a(lib_a-strlen.o)
 .debug_info    0x00000f3b      0x94c c:/altera/11.1sp2/nios2eds/bin/gnu/h-i686-mingw32/bin/../lib/gcc/nios2-elf/4.1.2/../../../../nios2-elf/lib/mno-hw-mul\libsmallc.a(lib_a-vfprintf.o)
 .debug_info    0x00001887      0x68e c:/altera/11.1sp2/nios2eds/bin/gnu/h-i686-mingw32/bin/../lib/gcc/nios2-elf/4.1.2/../../../../nios2-elf/lib/mno-hw-mul\libsmallc.a(lib_a-fvwrite_small_dev.o)
 .debug_info    0x00001f15      0x636 c:/altera/11.1sp2/nios2eds/bin/gnu/h-i686-mingw32/bin/../lib/gcc/nios2-elf/4.1.2/../../../../nios2-elf/lib/mno-hw-mul\libsmallc.a(lib_a-impure.o)
 .debug_info    0x0000254b      0x68c c:/altera/11.1sp2/nios2eds/bin/gnu/h-i686-mingw32/bin/../lib/gcc/nios2-elf/4.1.2/../../../../nios2-elf/lib/mno-hw-mul\libsmallc.a(lib_a-writer.o)
 .debug_info    0x00002bd7       0x8c c:/altera/11.1sp2/nios2eds/bin/gnu/h-i686-mingw32/bin/../lib/gcc/nios2-elf/4.1.2/../../../../nios2-elf/lib/mno-hw-mul\libsmallc.a(lib_a-int_errno.o)
 .debug_info    0x00002c63      0x21c c:/altera/11.1sp2/nios2eds/bin/gnu/h-i686-mingw32/bin/../lib/gcc/nios2-elf/4.1.2/mno-hw-mul\libgcc.a(lib2-divmod.o)
 .debug_info    0x00002e7f       0xf3 c:/altera/11.1sp2/nios2eds/bin/gnu/h-i686-mingw32/bin/../lib/gcc/nios2-elf/4.1.2/mno-hw-mul\libgcc.a(lib2-mul.o)
 .debug_info    0x00002f72      0x12e ../test_gst_bouton_bsp/\libhal_bsp.a(alt_load.o)
 .debug_info    0x000030a0      0x125 ../test_gst_bouton_bsp/\libhal_bsp.a(alt_main.o)
 .debug_info    0x000031c5       0xc5 ../test_gst_bouton_bsp/\libhal_bsp.a(alt_putstr.o)
 .debug_info    0x0000328a       0xab ../test_gst_bouton_bsp/\libhal_bsp.a(alt_usleep.o)
 .debug_info    0x00003335      0x179 ../test_gst_bouton_bsp/\libhal_bsp.a(alt_write.o)
 .debug_info    0x000034ae      0x17d ../test_gst_bouton_bsp/\libhal_bsp.a(alt_sys_init.o)
 .debug_info    0x0000362b      0x18f ../test_gst_bouton_bsp/\libhal_bsp.a(altera_avalon_jtag_uart_write.o)
 .debug_info    0x000037ba       0xd0 ../test_gst_bouton_bsp/\libhal_bsp.a(alt_busy_sleep.o)
 .debug_info    0x0000388a       0x8d ../test_gst_bouton_bsp/\libhal_bsp.a(alt_dcache_flush_all.o)
 .debug_info    0x00003917       0xab ../test_gst_bouton_bsp/\libhal_bsp.a(alt_errno.o)
 .debug_info    0x000039c2       0x8d ../test_gst_bouton_bsp/\libhal_bsp.a(alt_icache_flush_all.o)
 .debug_info    0x00003a4f       0x8d ../test_gst_bouton_bsp/\libhal_bsp.a(altera_nios2_irq.o)

.debug_abbrev   0x00000000     0x1230
 *(.debug_abbrev)
 .debug_abbrev  0x00000000       0x12 ../test_gst_bouton_bsp//obj/HAL/src/crt0.o
 .debug_abbrev  0x00000012       0x50 obj/default/hello_world_small.o
 .debug_abbrev  0x00000062      0x179 c:/altera/11.1sp2/nios2eds/bin/gnu/h-i686-mingw32/bin/../lib/gcc/nios2-elf/4.1.2/../../../../nios2-elf/lib/mno-hw-mul\libsmallc.a(lib_a-printf.o)
 .debug_abbrev  0x000001db      0x180 c:/altera/11.1sp2/nios2eds/bin/gnu/h-i686-mingw32/bin/../lib/gcc/nios2-elf/4.1.2/../../../../nios2-elf/lib/mno-hw-mul\libsmallc.a(lib_a-puts.o)
 .debug_abbrev  0x0000035b       0x7a c:/altera/11.1sp2/nios2eds/bin/gnu/h-i686-mingw32/bin/../lib/gcc/nios2-elf/4.1.2/../../../../nios2-elf/lib/mno-hw-mul\libsmallc.a(lib_a-strlen.o)
 .debug_abbrev  0x000003d5      0x247 c:/altera/11.1sp2/nios2eds/bin/gnu/h-i686-mingw32/bin/../lib/gcc/nios2-elf/4.1.2/../../../../nios2-elf/lib/mno-hw-mul\libsmallc.a(lib_a-vfprintf.o)
 .debug_abbrev  0x0000061c      0x179 c:/altera/11.1sp2/nios2eds/bin/gnu/h-i686-mingw32/bin/../lib/gcc/nios2-elf/4.1.2/../../../../nios2-elf/lib/mno-hw-mul\libsmallc.a(lib_a-fvwrite_small_dev.o)
 .debug_abbrev  0x00000795      0x13f c:/altera/11.1sp2/nios2eds/bin/gnu/h-i686-mingw32/bin/../lib/gcc/nios2-elf/4.1.2/../../../../nios2-elf/lib/mno-hw-mul\libsmallc.a(lib_a-impure.o)
 .debug_abbrev  0x000008d4      0x16c c:/altera/11.1sp2/nios2eds/bin/gnu/h-i686-mingw32/bin/../lib/gcc/nios2-elf/4.1.2/../../../../nios2-elf/lib/mno-hw-mul\libsmallc.a(lib_a-writer.o)
 .debug_abbrev  0x00000a40       0x3b c:/altera/11.1sp2/nios2eds/bin/gnu/h-i686-mingw32/bin/../lib/gcc/nios2-elf/4.1.2/../../../../nios2-elf/lib/mno-hw-mul\libsmallc.a(lib_a-int_errno.o)
 .debug_abbrev  0x00000a7b       0xe0 c:/altera/11.1sp2/nios2eds/bin/gnu/h-i686-mingw32/bin/../lib/gcc/nios2-elf/4.1.2/mno-hw-mul\libgcc.a(lib2-divmod.o)
 .debug_abbrev  0x00000b5b       0x7b c:/altera/11.1sp2/nios2eds/bin/gnu/h-i686-mingw32/bin/../lib/gcc/nios2-elf/4.1.2/mno-hw-mul\libgcc.a(lib2-mul.o)
 .debug_abbrev  0x00000bd6       0x97 ../test_gst_bouton_bsp/\libhal_bsp.a(alt_load.o)
 .debug_abbrev  0x00000c6d       0xa6 ../test_gst_bouton_bsp/\libhal_bsp.a(alt_main.o)
 .debug_abbrev  0x00000d13       0x7c ../test_gst_bouton_bsp/\libhal_bsp.a(alt_putstr.o)
 .debug_abbrev  0x00000d8f       0x5d ../test_gst_bouton_bsp/\libhal_bsp.a(alt_usleep.o)
 .debug_abbrev  0x00000dec       0xdd ../test_gst_bouton_bsp/\libhal_bsp.a(alt_write.o)
 .debug_abbrev  0x00000ec9       0xe3 ../test_gst_bouton_bsp/\libhal_bsp.a(alt_sys_init.o)
 .debug_abbrev  0x00000fac       0xf0 ../test_gst_bouton_bsp/\libhal_bsp.a(altera_avalon_jtag_uart_write.o)
 .debug_abbrev  0x0000109c       0x79 ../test_gst_bouton_bsp/\libhal_bsp.a(alt_busy_sleep.o)
 .debug_abbrev  0x00001115       0x3f ../test_gst_bouton_bsp/\libhal_bsp.a(alt_dcache_flush_all.o)
 .debug_abbrev  0x00001154       0x5e ../test_gst_bouton_bsp/\libhal_bsp.a(alt_errno.o)
 .debug_abbrev  0x000011b2       0x3f ../test_gst_bouton_bsp/\libhal_bsp.a(alt_icache_flush_all.o)
 .debug_abbrev  0x000011f1       0x3f ../test_gst_bouton_bsp/\libhal_bsp.a(altera_nios2_irq.o)

.debug_line     0x00000000     0x377a
 *(.debug_line)
 .debug_line    0x00000000       0x66 ../test_gst_bouton_bsp//obj/HAL/src/crt0.o
 .debug_line    0x00000066      0x28c obj/default/hello_world_small.o
 .debug_line    0x000002f2      0x2be c:/altera/11.1sp2/nios2eds/bin/gnu/h-i686-mingw32/bin/../lib/gcc/nios2-elf/4.1.2/../../../../nios2-elf/lib/mno-hw-mul\libsmallc.a(lib_a-printf.o)
 .debug_line    0x000005b0      0x2b2 c:/altera/11.1sp2/nios2eds/bin/gnu/h-i686-mingw32/bin/../lib/gcc/nios2-elf/4.1.2/../../../../nios2-elf/lib/mno-hw-mul\libsmallc.a(lib_a-puts.o)
 .debug_line    0x00000862      0x250 c:/altera/11.1sp2/nios2eds/bin/gnu/h-i686-mingw32/bin/../lib/gcc/nios2-elf/4.1.2/../../../../nios2-elf/lib/mno-hw-mul\libsmallc.a(lib_a-strlen.o)
 .debug_line    0x00000ab2      0x5f3 c:/altera/11.1sp2/nios2eds/bin/gnu/h-i686-mingw32/bin/../lib/gcc/nios2-elf/4.1.2/../../../../nios2-elf/lib/mno-hw-mul\libsmallc.a(lib_a-vfprintf.o)
 .debug_line    0x000010a5      0x2a9 c:/altera/11.1sp2/nios2eds/bin/gnu/h-i686-mingw32/bin/../lib/gcc/nios2-elf/4.1.2/../../../../nios2-elf/lib/mno-hw-mul\libsmallc.a(lib_a-fvwrite_small_dev.o)
 .debug_line    0x0000134e      0x230 c:/altera/11.1sp2/nios2eds/bin/gnu/h-i686-mingw32/bin/../lib/gcc/nios2-elf/4.1.2/../../../../nios2-elf/lib/mno-hw-mul\libsmallc.a(lib_a-impure.o)
 .debug_line    0x0000157e      0x29d c:/altera/11.1sp2/nios2eds/bin/gnu/h-i686-mingw32/bin/../lib/gcc/nios2-elf/4.1.2/../../../../nios2-elf/lib/mno-hw-mul\libsmallc.a(lib_a-writer.o)
 .debug_line    0x0000181b      0x1e2 c:/altera/11.1sp2/nios2eds/bin/gnu/h-i686-mingw32/bin/../lib/gcc/nios2-elf/4.1.2/../../../../nios2-elf/lib/mno-hw-mul\libsmallc.a(lib_a-int_errno.o)
 .debug_line    0x000019fd      0x24f c:/altera/11.1sp2/nios2eds/bin/gnu/h-i686-mingw32/bin/../lib/gcc/nios2-elf/4.1.2/mno-hw-mul\libgcc.a(lib2-divmod.o)
 .debug_line    0x00001c4c      0x11a c:/altera/11.1sp2/nios2eds/bin/gnu/h-i686-mingw32/bin/../lib/gcc/nios2-elf/4.1.2/mno-hw-mul\libgcc.a(lib2-mul.o)
 .debug_line    0x00001d66      0x217 ../test_gst_bouton_bsp/\libhal_bsp.a(alt_load.o)
 .debug_line    0x00001f7d      0x2c2 ../test_gst_bouton_bsp/\libhal_bsp.a(alt_main.o)
 .debug_line    0x0000223f      0x1d9 ../test_gst_bouton_bsp/\libhal_bsp.a(alt_putstr.o)
 .debug_line    0x00002418      0x202 ../test_gst_bouton_bsp/\libhal_bsp.a(alt_usleep.o)
 .debug_line    0x0000261a      0x2ab ../test_gst_bouton_bsp/\libhal_bsp.a(alt_write.o)
 .debug_line    0x000028c5      0x286 ../test_gst_bouton_bsp/\libhal_bsp.a(alt_sys_init.o)
 .debug_line    0x00002b4b      0x2f4 ../test_gst_bouton_bsp/\libhal_bsp.a(altera_avalon_jtag_uart_write.o)
 .debug_line    0x00002e3f      0x25e ../test_gst_bouton_bsp/\libhal_bsp.a(alt_busy_sleep.o)
 .debug_line    0x0000309d      0x1b5 ../test_gst_bouton_bsp/\libhal_bsp.a(alt_dcache_flush_all.o)
 .debug_line    0x00003252      0x1aa ../test_gst_bouton_bsp/\libhal_bsp.a(alt_errno.o)
 .debug_line    0x000033fc      0x1b5 ../test_gst_bouton_bsp/\libhal_bsp.a(alt_icache_flush_all.o)
 .debug_line    0x000035b1      0x1c9 ../test_gst_bouton_bsp/\libhal_bsp.a(altera_nios2_irq.o)

.debug_frame    0x00000000      0x3c4
 *(.debug_frame)
 .debug_frame   0x00000000       0x28 obj/default/hello_world_small.o
 .debug_frame   0x00000028       0x40 c:/altera/11.1sp2/nios2eds/bin/gnu/h-i686-mingw32/bin/../lib/gcc/nios2-elf/4.1.2/../../../../nios2-elf/lib/mno-hw-mul\libsmallc.a(lib_a-printf.o)
 .debug_frame   0x00000068       0x3c c:/altera/11.1sp2/nios2eds/bin/gnu/h-i686-mingw32/bin/../lib/gcc/nios2-elf/4.1.2/../../../../nios2-elf/lib/mno-hw-mul\libsmallc.a(lib_a-puts.o)
 .debug_frame   0x000000a4       0x20 c:/altera/11.1sp2/nios2eds/bin/gnu/h-i686-mingw32/bin/../lib/gcc/nios2-elf/4.1.2/../../../../nios2-elf/lib/mno-hw-mul\libsmallc.a(lib_a-strlen.o)
 .debug_frame   0x000000c4       0x64 c:/altera/11.1sp2/nios2eds/bin/gnu/h-i686-mingw32/bin/../lib/gcc/nios2-elf/4.1.2/../../../../nios2-elf/lib/mno-hw-mul\libsmallc.a(lib_a-vfprintf.o)
 .debug_frame   0x00000128       0x30 c:/altera/11.1sp2/nios2eds/bin/gnu/h-i686-mingw32/bin/../lib/gcc/nios2-elf/4.1.2/../../../../nios2-elf/lib/mno-hw-mul\libsmallc.a(lib_a-fvwrite_small_dev.o)
 .debug_frame   0x00000158       0x2c c:/altera/11.1sp2/nios2eds/bin/gnu/h-i686-mingw32/bin/../lib/gcc/nios2-elf/4.1.2/../../../../nios2-elf/lib/mno-hw-mul\libsmallc.a(lib_a-writer.o)
 .debug_frame   0x00000184       0x70 c:/altera/11.1sp2/nios2eds/bin/gnu/h-i686-mingw32/bin/../lib/gcc/nios2-elf/4.1.2/mno-hw-mul\libgcc.a(lib2-divmod.o)
 .debug_frame   0x000001f4       0x20 c:/altera/11.1sp2/nios2eds/bin/gnu/h-i686-mingw32/bin/../lib/gcc/nios2-elf/4.1.2/mno-hw-mul\libgcc.a(lib2-mul.o)
 .debug_frame   0x00000214       0x38 ../test_gst_bouton_bsp/\libhal_bsp.a(alt_load.o)
 .debug_frame   0x0000024c       0x28 ../test_gst_bouton_bsp/\libhal_bsp.a(alt_main.o)
 .debug_frame   0x00000274       0x28 ../test_gst_bouton_bsp/\libhal_bsp.a(alt_putstr.o)
 .debug_frame   0x0000029c       0x20 ../test_gst_bouton_bsp/\libhal_bsp.a(alt_usleep.o)
 .debug_frame   0x000002bc       0x28 ../test_gst_bouton_bsp/\libhal_bsp.a(alt_write.o)
 .debug_frame   0x000002e4       0x38 ../test_gst_bouton_bsp/\libhal_bsp.a(alt_sys_init.o)
 .debug_frame   0x0000031c       0x20 ../test_gst_bouton_bsp/\libhal_bsp.a(altera_avalon_jtag_uart_write.o)
 .debug_frame   0x0000033c       0x28 ../test_gst_bouton_bsp/\libhal_bsp.a(alt_busy_sleep.o)
 .debug_frame   0x00000364       0x20 ../test_gst_bouton_bsp/\libhal_bsp.a(alt_dcache_flush_all.o)
 .debug_frame   0x00000384       0x20 ../test_gst_bouton_bsp/\libhal_bsp.a(alt_icache_flush_all.o)
 .debug_frame   0x000003a4       0x20 ../test_gst_bouton_bsp/\libhal_bsp.a(altera_nios2_irq.o)

.debug_str      0x00000000      0xdf9
 *(.debug_str)
 .debug_str     0x00000000       0xc9 obj/default/hello_world_small.o
                                0x107 (size before relaxing)
 .debug_str     0x000000c9      0x3a3 c:/altera/11.1sp2/nios2eds/bin/gnu/h-i686-mingw32/bin/../lib/gcc/nios2-elf/4.1.2/../../../../nios2-elf/lib/mno-hw-mul\libsmallc.a(lib_a-printf.o)
                                0x466 (size before relaxing)
 .debug_str     0x0000046c       0x48 c:/altera/11.1sp2/nios2eds/bin/gnu/h-i686-mingw32/bin/../lib/gcc/nios2-elf/4.1.2/../../../../nios2-elf/lib/mno-hw-mul\libsmallc.a(lib_a-puts.o)
                                0x450 (size before relaxing)
 .debug_str     0x000004b4       0xe2 c:/altera/11.1sp2/nios2eds/bin/gnu/h-i686-mingw32/bin/../lib/gcc/nios2-elf/4.1.2/../../../../nios2-elf/lib/mno-hw-mul\libsmallc.a(lib_a-strlen.o)
                                0x184 (size before relaxing)
 .debug_str     0x00000596      0x115 c:/altera/11.1sp2/nios2eds/bin/gnu/h-i686-mingw32/bin/../lib/gcc/nios2-elf/4.1.2/../../../../nios2-elf/lib/mno-hw-mul\libsmallc.a(lib_a-vfprintf.o)
                                0x562 (size before relaxing)
 .debug_str     0x000006ab       0x70 c:/altera/11.1sp2/nios2eds/bin/gnu/h-i686-mingw32/bin/../lib/gcc/nios2-elf/4.1.2/../../../../nios2-elf/lib/mno-hw-mul\libsmallc.a(lib_a-fvwrite_small_dev.o)
                                0x46a (size before relaxing)
 .debug_str     0x0000071b       0xf8 c:/altera/11.1sp2/nios2eds/bin/gnu/h-i686-mingw32/bin/../lib/gcc/nios2-elf/4.1.2/../../../../nios2-elf/lib/mno-hw-mul\libsmallc.a(lib_a-impure.o)
                                0x45d (size before relaxing)
 .debug_str     0x00000813       0x4f c:/altera/11.1sp2/nios2eds/bin/gnu/h-i686-mingw32/bin/../lib/gcc/nios2-elf/4.1.2/../../../../nios2-elf/lib/mno-hw-mul\libsmallc.a(lib_a-writer.o)
                                0x451 (size before relaxing)
 .debug_str     0x00000862       0x40 c:/altera/11.1sp2/nios2eds/bin/gnu/h-i686-mingw32/bin/../lib/gcc/nios2-elf/4.1.2/../../../../nios2-elf/lib/mno-hw-mul\libsmallc.a(lib_a-int_errno.o)
                                0x177 (size before relaxing)
 .debug_str     0x000008a2      0x10b c:/altera/11.1sp2/nios2eds/bin/gnu/h-i686-mingw32/bin/../lib/gcc/nios2-elf/4.1.2/mno-hw-mul\libgcc.a(lib2-divmod.o)
                                0x1b4 (size before relaxing)
 .debug_str     0x000009ad       0x37 c:/altera/11.1sp2/nios2eds/bin/gnu/h-i686-mingw32/bin/../lib/gcc/nios2-elf/4.1.2/mno-hw-mul\libgcc.a(lib2-mul.o)
                                0x175 (size before relaxing)
 .debug_str     0x000009e4      0x148 ../test_gst_bouton_bsp/\libhal_bsp.a(alt_load.o)
                                0x1dd (size before relaxing)
 .debug_str     0x00000b2c       0x70 ../test_gst_bouton_bsp/\libhal_bsp.a(alt_main.o)
                                0x161 (size before relaxing)
 .debug_str     0x00000b9c       0x4c ../test_gst_bouton_bsp/\libhal_bsp.a(alt_putstr.o)
                                0x138 (size before relaxing)
 .debug_str     0x00000be8       0x27 ../test_gst_bouton_bsp/\libhal_bsp.a(alt_usleep.o)
                                0x113 (size before relaxing)
 .debug_str     0x00000c0f       0x2c ../test_gst_bouton_bsp/\libhal_bsp.a(alt_write.o)
                                0x18d (size before relaxing)
 .debug_str     0x00000c3b       0x85 ../test_gst_bouton_bsp/\libhal_bsp.a(alt_sys_init.o)
                                0x1d6 (size before relaxing)
 .debug_str     0x00000cc0       0x4a ../test_gst_bouton_bsp/\libhal_bsp.a(altera_avalon_jtag_uart_write.o)
                                0x1d9 (size before relaxing)
 .debug_str     0x00000d0a       0x42 ../test_gst_bouton_bsp/\libhal_bsp.a(alt_busy_sleep.o)
                                0x136 (size before relaxing)
 .debug_str     0x00000d4c       0x34 ../test_gst_bouton_bsp/\libhal_bsp.a(alt_dcache_flush_all.o)
                                0x120 (size before relaxing)
 .debug_str     0x00000d80       0x14 ../test_gst_bouton_bsp/\libhal_bsp.a(alt_errno.o)
                                0x110 (size before relaxing)
 .debug_str     0x00000d94       0x34 ../test_gst_bouton_bsp/\libhal_bsp.a(alt_icache_flush_all.o)
                                0x120 (size before relaxing)
 .debug_str     0x00000dc8       0x31 ../test_gst_bouton_bsp/\libhal_bsp.a(altera_nios2_irq.o)
                                0x11d (size before relaxing)

.debug_loc      0x00000000      0xe07
 *(.debug_loc)
 .debug_loc     0x00000000       0x1f obj/default/hello_world_small.o
 .debug_loc     0x0000001f       0x8d c:/altera/11.1sp2/nios2eds/bin/gnu/h-i686-mingw32/bin/../lib/gcc/nios2-elf/4.1.2/../../../../nios2-elf/lib/mno-hw-mul\libsmallc.a(lib_a-printf.o)
 .debug_loc     0x000000ac       0xa2 c:/altera/11.1sp2/nios2eds/bin/gnu/h-i686-mingw32/bin/../lib/gcc/nios2-elf/4.1.2/../../../../nios2-elf/lib/mno-hw-mul\libsmallc.a(lib_a-puts.o)
 .debug_loc     0x0000014e       0x1e c:/altera/11.1sp2/nios2eds/bin/gnu/h-i686-mingw32/bin/../lib/gcc/nios2-elf/4.1.2/../../../../nios2-elf/lib/mno-hw-mul\libsmallc.a(lib_a-strlen.o)
 .debug_loc     0x0000016c      0x6a6 c:/altera/11.1sp2/nios2eds/bin/gnu/h-i686-mingw32/bin/../lib/gcc/nios2-elf/4.1.2/../../../../nios2-elf/lib/mno-hw-mul\libsmallc.a(lib_a-vfprintf.o)
 .debug_loc     0x00000812      0x162 c:/altera/11.1sp2/nios2eds/bin/gnu/h-i686-mingw32/bin/../lib/gcc/nios2-elf/4.1.2/../../../../nios2-elf/lib/mno-hw-mul\libsmallc.a(lib_a-fvwrite_small_dev.o)
 .debug_loc     0x00000974       0x97 c:/altera/11.1sp2/nios2eds/bin/gnu/h-i686-mingw32/bin/../lib/gcc/nios2-elf/4.1.2/../../../../nios2-elf/lib/mno-hw-mul\libsmallc.a(lib_a-writer.o)
 .debug_loc     0x00000a0b      0x1d2 c:/altera/11.1sp2/nios2eds/bin/gnu/h-i686-mingw32/bin/../lib/gcc/nios2-elf/4.1.2/mno-hw-mul\libgcc.a(lib2-divmod.o)
 .debug_loc     0x00000bdd       0x4f c:/altera/11.1sp2/nios2eds/bin/gnu/h-i686-mingw32/bin/../lib/gcc/nios2-elf/4.1.2/mno-hw-mul\libgcc.a(lib2-mul.o)
 .debug_loc     0x00000c2c       0x1f ../test_gst_bouton_bsp/\libhal_bsp.a(alt_load.o)
 .debug_loc     0x00000c4b       0x1f ../test_gst_bouton_bsp/\libhal_bsp.a(alt_main.o)
 .debug_loc     0x00000c6a       0x48 ../test_gst_bouton_bsp/\libhal_bsp.a(alt_putstr.o)
 .debug_loc     0x00000cb2       0x13 ../test_gst_bouton_bsp/\libhal_bsp.a(alt_usleep.o)
 .debug_loc     0x00000cc5       0x9a ../test_gst_bouton_bsp/\libhal_bsp.a(alt_write.o)
 .debug_loc     0x00000d5f       0x32 ../test_gst_bouton_bsp/\libhal_bsp.a(alt_sys_init.o)
 .debug_loc     0x00000d91       0x26 ../test_gst_bouton_bsp/\libhal_bsp.a(altera_avalon_jtag_uart_write.o)
 .debug_loc     0x00000db7       0x50 ../test_gst_bouton_bsp/\libhal_bsp.a(alt_busy_sleep.o)

.debug_macinfo
 *(.debug_macinfo)

.debug_weaknames
 *(.debug_weaknames)

.debug_funcnames
 *(.debug_funcnames)

.debug_typenames
 *(.debug_typenames)

.debug_varnames
 *(.debug_varnames)

.debug_alt_sim_info
                0x00000000       0x40
 *(.debug_alt_sim_info)
 .debug_alt_sim_info
                0x00000000       0x10 ../test_gst_bouton_bsp//obj/HAL/src/crt0.o
 .debug_alt_sim_info
                0x00000010       0x30 ../test_gst_bouton_bsp/\libhal_bsp.a(alt_busy_sleep.o)
                0x0000ce20                __alt_data_end = 0xce20
                0x0000ce20                PROVIDE (__alt_stack_pointer, __alt_data_end)
                0x0000915c                PROVIDE (__alt_stack_limit, __alt_stack_base)
                0x0000915c                PROVIDE (__alt_heap_start, end)
                0x0000ce20                PROVIDE (__alt_heap_limit, 0xce20)
OUTPUT(test_gst_bouton.elf elf32-littlenios2)

.debug_ranges   0x00000000       0xc8
 .debug_ranges  0x00000000       0x20 ../test_gst_bouton_bsp//obj/HAL/src/crt0.o
 .debug_ranges  0x00000020       0xa8 c:/altera/11.1sp2/nios2eds/bin/gnu/h-i686-mingw32/bin/../lib/gcc/nios2-elf/4.1.2/../../../../nios2-elf/lib/mno-hw-mul\libsmallc.a(lib_a-vfprintf.o)
